Component: Arm Compiler for Embedded 6.19 Tool: armlink [5e73cb00]

==============================================================================

Section Cross References

    main.o(.text.main) refers to gpio_init.o(.text.GpioInitInit) for GpioInitInit
    main.o(.text.main) refers to motor_driver.o(.text.Motor_Init) for Motor_Init
    main.o(.text.main) refers to ir_sensor.o(.text.IrSensorInit) for IrSensorInit
    main.o(.text.main) refers to encoder.o(.text.EncoderInit) for EncoderInit
    main.o(.text.main) refers to limit_switch.o(.text.LimitSwitch_Init) for LimitSwitch_Init
    main.o(.text.main) refers to buzzer_alert.o(.text.BuzzerAlertInit) for BuzzerAlertInit
    main.o(.text.main) refers to lcd_display.o(.text.LCD_Init) for LCD_Init
    main.o(.text.main) refers to queue.o(.text.xQueueGenericCreate) for xQueueGenericCreate
    main.o(.text.main) refers to main.o(.bss.xWindowControlSemaphore) for xWindowControlSemaphore
    main.o(.text.main) refers to window_control_task.o(.text.WindowControlTask) for WindowControlTask
    main.o(.text.main) refers to main.o(.rodata.str1.1) for .L.str
    main.o(.text.main) refers to tasks.o(.text.xTaskCreate) for xTaskCreate
    main.o(.text.main) refers to obstacle_detection_task.o(.text.ObstacleDetectionTask) for ObstacleDetectionTask
    main.o(.text.main) refers to position_tracking_task.o(.text.PositionTrackingTask) for PositionTrackingTask
    main.o(.text.main) refers to system_status_task.o(.text.SystemStatusTask) for SystemStatusTask
    main.o(.text.main) refers to tasks.o(.text.vTaskStartScheduler) for vTaskStartScheduler
    main.o(.ARM.exidx.text.main) refers to main.o(.text.main) for [Anonymous Symbol]
    buzzer_alert.o(.ARM.exidx.text.BuzzerAlertInit) refers to buzzer_alert.o(.text.BuzzerAlertInit) for [Anonymous Symbol]
    buzzer_alert.o(.ARM.exidx.text.Buzzer_On) refers to buzzer_alert.o(.text.Buzzer_On) for [Anonymous Symbol]
    buzzer_alert.o(.ARM.exidx.text.Buzzer_Off) refers to buzzer_alert.o(.text.Buzzer_Off) for [Anonymous Symbol]
    buzzer_alert.o(.ARM.exidx.text.Buzzer_Toggle) refers to buzzer_alert.o(.text.Buzzer_Toggle) for [Anonymous Symbol]
    buzzer_alert.o(.text.Buzzer_UpdateAlert) refers to buzzer_alert.o(.text.Buzzer_Toggle) for Buzzer_Toggle
    buzzer_alert.o(.ARM.exidx.text.Buzzer_UpdateAlert) refers to buzzer_alert.o(.text.Buzzer_UpdateAlert) for [Anonymous Symbol]
    encoder.o(.text.EncoderInit) refers to encoder.o(.bss.encoderTaskHandle) for encoderTaskHandle
    encoder.o(.text.EncoderInit) refers to encoder.o(.text.EncoderTask) for EncoderTask
    encoder.o(.text.EncoderInit) refers to encoder.o(.rodata.str1.1) for .L.str
    encoder.o(.text.EncoderInit) refers to tasks.o(.text.xTaskCreate) for xTaskCreate
    encoder.o(.ARM.exidx.text.EncoderInit) refers to encoder.o(.text.EncoderInit) for [Anonymous Symbol]
    encoder.o(.text.EncoderTask) refers to tasks.o(.text.ulTaskGenericNotifyTake) for ulTaskGenericNotifyTake
    encoder.o(.text.EncoderTask) refers to encoder.o(.bss.encoderPosition) for encoderPosition
    encoder.o(.ARM.exidx.text.EncoderTask) refers to encoder.o(.text.EncoderTask) for [Anonymous Symbol]
    encoder.o(.text.GPIOPortD_Handler) refers to encoder.o(.bss.encoderTaskHandle) for encoderTaskHandle
    encoder.o(.text.GPIOPortD_Handler) refers to tasks.o(.text.vTaskGenericNotifyGiveFromISR) for vTaskGenericNotifyGiveFromISR
    encoder.o(.ARM.exidx.text.GPIOPortD_Handler) refers to encoder.o(.text.GPIOPortD_Handler) for [Anonymous Symbol]
    encoder.o(.text.Encoder_ReadPosition) refers to encoder.o(.bss.encoderPosition) for encoderPosition
    encoder.o(.ARM.exidx.text.Encoder_ReadPosition) refers to encoder.o(.text.Encoder_ReadPosition) for [Anonymous Symbol]
    encoder.o(.text.Encoder_ResetTop) refers to encoder.o(.bss.encoderPosition) for encoderPosition
    encoder.o(.ARM.exidx.text.Encoder_ResetTop) refers to encoder.o(.text.Encoder_ResetTop) for [Anonymous Symbol]
    encoder.o(.text.Encoder_ResetBottom) refers to encoder.o(.bss.encoderPosition) for encoderPosition
    encoder.o(.ARM.exidx.text.Encoder_ResetBottom) refers to encoder.o(.text.Encoder_ResetBottom) for [Anonymous Symbol]
    gpio_init.o(.ARM.exidx.text.GpioInitInit) refers to gpio_init.o(.text.GpioInitInit) for [Anonymous Symbol]
    ir_sensor.o(.ARM.exidx.text.IrSensorInit) refers to ir_sensor.o(.text.IrSensorInit) for [Anonymous Symbol]
    ir_sensor.o(.ARM.exidx.text.IrSensorIsObstacleDetected) refers to ir_sensor.o(.text.IrSensorIsObstacleDetected) for [Anonymous Symbol]
    lcd_display.o(.ARM.exidx.text.LCD_EnablePulse) refers to lcd_display.o(.text.LCD_EnablePulse) for [Anonymous Symbol]
    lcd_display.o(.text.LCD_SendNibble) refers to lcd_display.o(.text.LCD_EnablePulse) for LCD_EnablePulse
    lcd_display.o(.ARM.exidx.text.LCD_SendNibble) refers to lcd_display.o(.text.LCD_SendNibble) for [Anonymous Symbol]
    lcd_display.o(.text.LCD_SendCommand) refers to lcd_display.o(.text.LCD_SendNibble) for LCD_SendNibble
[...]
    HEAP                                     0x20002c18   Section        0  startup_tm4c123.o(HEAP)
    STACK                                    0x20002c18   Section      512  startup_tm4c123.o(STACK)
    __initial_sp                             0x20002e18   Data           0  startup_tm4c123.o(STACK)

    Global Symbols

    Symbol Name                              Value     Ov Type        Size  Object(Section)

    BuildAttributes$$THM_ISAv4$E$P$D$K$B$S$7EM$VFPi3$EXTD16$VFPS$VFMA$PE$A:L22UL41UL21$X:L11$S22US41US21$IEEE1$IW$~IW$USESV6$~STKCKD$USESV7$~SHL$OTIME$ROPI$IEEEJ$EBA8$UX$STANDARDLIB$REQ8$PRES8$EABIv2 0x00000000   Number         0  anon$$obj.o ABSOLUTE
    __Vectors                                0x00000000   Data           4  startup_tm4c123.o(RESET)
    _printf_flags                            0x00000000   Number         0  printf_stubs.o ABSOLUTE
    _printf_return_value                     0x00000000   Number         0  printf_stubs.o ABSOLUTE
    _printf_sizespec                         0x00000000   Number         0  printf_stubs.o ABSOLUTE
    _printf_widthprec                        0x00000000   Number         0  printf_stubs.o ABSOLUTE
    __ARM_exceptions_init                     - Undefined Weak Reference
    __alloca_initialize                       - Undefined Weak Reference
    __arm_preinit_                            - Undefined Weak Reference
    __arm_relocate_pie_                       - Undefined Weak Reference
    __cpp_initialize__aeabi_                  - Undefined Weak Reference
    __cxa_finalize                            - Undefined Weak Reference
    __sigvec_lookup                           - Undefined Weak Reference
    _atexit_init                              - Undefined Weak Reference
    _call_atexit_fns                          - Undefined Weak Reference
    _clock_init                               - Undefined Weak Reference
    _fp_trap_init                             - Undefined Weak Reference
    _fp_trap_shutdown                         - Undefined Weak Reference
    _get_lc_collate                           - Undefined Weak Reference
    _get_lc_monetary                          - Undefined Weak Reference
    _get_lc_time                              - Undefined Weak Reference
    _getenv_init                              - Undefined Weak Reference
    _handle_redirection                       - Undefined Weak Reference
    _init_alloc                               - Undefined Weak Reference
    _init_user_alloc                          - Undefined Weak Reference
    _initio                                   - Undefined Weak Reference
    _printf_mbtowc                            - Undefined Weak Reference
    _printf_wc                                - Undefined Weak Reference
    _rand_init                                - Undefined Weak Reference
    _signal_finish                            - Undefined Weak Reference
    _signal_init                              - Undefined Weak Reference
    _terminate_alloc                          - Undefined Weak Reference
    _terminate_user_alloc                     - Undefined Weak Reference
    _terminateio                              - Undefined Weak Reference
    __Vectors_End                            0x0000026c   Data           0  startup_tm4c123.o(RESET)
    __Vectors_Size                           0x0000026c   Number         0  startup_tm4c123.o ABSOLUTE
    __main                                   0x0000026d   Thumb Code     8  __main.o(!!!main)
    __scatterload                            0x00000275   Thumb Code     0  __scatter.o(!!!scatter)
    __scatterload_rt2                        0x00000275   Thumb Code    44  __scatter.o(!!!scatter)
    __scatterload_rt2_thumb_only             0x00000275   Thumb Code     0  __scatter.o(!!!scatter)
    __scatterload_null                       0x00000283   Thumb Code     0  __scatter.o(!!!scatter)
    __scatterload_copy                       0x000002a9   Thumb Code    26  __scatter_copy.o(!!handler_copy)
    __scatterload_zeroinit                   0x000002c5   Thumb Code    28  __scatter_zi.o(!!handler_zi)
    _printf_n                                0x000002e1   Thumb Code     0  _printf_n.o(.ARM.Collect$$_printf_percent$$00000001)
    _printf_percent                          0x000002e1   Thumb Code     0  _printf_percent.o(.ARM.Collect$$_printf_percent$$00000000)
    _printf_p                                0x000002e7   Thumb Code     0  _printf_p.o(.ARM.Collect$$_printf_percent$$00000002)
    _printf_f                                0x000002ed   Thumb Code     0  _printf_f.o(.ARM.Collect$$_printf_percent$$00000003)
    _printf_e                                0x000002f3   Thumb Code     0  _printf_e.o(.ARM.Collect$$_printf_percent$$00000004)
    _printf_g                                0x000002f9   Thumb Code     0  _printf_g.o(.ARM.Collect$$_printf_percent$$00000005)
    _printf_a                                0x000002ff   Thumb Code     0  _printf_a.o(.ARM.Collect$$_printf_percent$$00000006)
    _printf_ll                               0x00000305   Thumb Code     0  _printf_ll.o(.ARM.Collect$$_printf_percent$$00000007)
    _printf_i                                0x0000030f   Thumb Code     0  _printf_i.o(.ARM.Collect$$_printf_percent$$00000008)
    _printf_d                                0x00000315   Thumb Code     0  _printf_d.o(.ARM.Collect$$_printf_percent$$00000009)
    _printf_u                                0x0000031b   Thumb Code     0  _printf_u.o(.ARM.Collect$$_printf_percent$$0000000A)
    _printf_o                                0x00000321   Thumb Code     0  _printf_o.o(.ARM.Collect$$_printf_percent$$0000000B)
    _printf_x                                0x00000327   Thumb Code     0  _printf_x.o(.ARM.Collect$$_printf_percent$$0000000C)
    _printf_lli                              0x0000032d   Thumb Code     0  _printf_lli.o(.ARM.Collect$$_printf_percent$$0000000D)
    _printf_lld                              0x00000333   Thumb Code     0  _printf_lld.o(.ARM.Collect$$_printf_percent$$0000000E)
    _printf_llu                              0x00000339   Thumb Code     0  _printf_llu.o(.ARM.Collect$$_printf_percent$$0000000F)
    _printf_llo                              0x0000033f   Thumb Code     0  _printf_llo.o(.ARM.Collect$$_printf_percent$$00000010)
    _printf_llx                              0x00000345   Thumb Code     0  _printf_llx.o(.ARM.Collect$$_printf_percent$$00000011)
    _printf_l                                0x0000034b   Thumb Code     0  _printf_l.o(.ARM.Collect$$_printf_percent$$00000012)
    _printf_c                                0x00000355   Thumb Code     0  _printf_c.o(.ARM.Collect$$_printf_percent$$00000013)
    _printf_s                                0x0000035b   Thumb Code     0  _printf_s.o(.ARM.Collect$$_printf_percent$$00000014)
    _printf_lc                               0x00000361   Thumb Code     0  _printf_lc.o(.ARM.Collect$$_printf_percent$$00000015)
    _printf_ls                               0x00000367   Thumb Code     0  _printf_ls.o(.ARM.Collect$$_printf_percent$$00000016)
    _printf_percent_end                      0x0000036d   Thumb Code     0  _printf_percent_end.o(.ARM.Collect$$_printf_percent$$00000017)
    __rt_lib_init                            0x00000371   Thumb Code     0  libinit.o(.ARM.Collect$$libinit$$00000000)
    __rt_lib_init_fp_1                       0x00000373   Thumb Code     0  libinit2.o(.ARM.Collect$$libinit$$00000001)
    __rt_lib_init_heap_1                     0x00000377   Thumb Code     0  libinit2.o(.ARM.Collect$$libinit$$0000000C)
    __rt_lib_init_lc_common                  0x00000377   Thumb Code     0  libinit2.o(.ARM.Collect$$libinit$$00000011)
    __rt_lib_init_preinit_1                  0x00000377   Thumb Code     0  libinit2.o(.ARM.Collect$$libinit$$00000006)
    __rt_lib_init_rand_1                     0x00000377   Thumb Code     0  libinit2.o(.ARM.Collect$$libinit$$00000010)
    __rt_lib_init_relocate_pie_1             0x00000377   Thumb Code     0  libinit2.o(.ARM.Collect$$libinit$$00000004)
    __rt_lib_init_user_alloc_1               0x00000377   Thumb Code     0  libinit2.o(.ARM.Collect$$libinit$$0000000E)
    __rt_lib_init_lc_collate_1               0x0000037d   Thumb Code     0  libinit2.o(.ARM.Collect$$libinit$$00000013)
    __rt_lib_init_lc_ctype_2                 0x0000037d   Thumb Code     0  libinit2.o(.ARM.Collect$$libinit$$00000014)
    __rt_lib_init_lc_ctype_1                 0x00000389   Thumb Code     0  libinit2.o(.ARM.Collect$$libinit$$00000015)
    __rt_lib_init_lc_monetary_1              0x00000389   Thumb Code     0  libinit2.o(.ARM.Collect$$libinit$$00000017)
    __rt_lib_init_lc_numeric_2               0x00000389   Thumb Code     0  libinit2.o(.ARM.Collect$$libinit$$00000018)
    __rt_lib_init_alloca_1                   0x00000393   Thumb Code     0  libinit2.o(.ARM.Collect$$libinit$$00000030)
    __rt_lib_init_argv_1                     0x00000393   Thumb Code     0  libinit2.o(.ARM.Collect$$libinit$$0000002E)
    __rt_lib_init_atexit_1                   0x00000393   Thumb Code     0  libinit2.o(.ARM.Collect$$libinit$$0000001D)
    __rt_lib_init_clock_1                    0x00000393   Thumb Code     0  libinit2.o(.ARM.Collect$$libinit$$00000023)
    __rt_lib_init_cpp_1                      0x00000393   Thumb Code     0  libinit2.o(.ARM.Collect$$libinit$$00000034)
    __rt_lib_init_exceptions_1               0x00000393   Thumb Code     0  libinit2.o(.ARM.Collect$$libinit$$00000032)
    __rt_lib_init_fp_trap_1                  0x00000393   Thumb Code     0  libinit2.o(.ARM.Collect$$libinit$$00000021)
    __rt_lib_init_getenv_1                   0x00000393   Thumb Code     0  libinit2.o(.ARM.Collect$$libinit$$00000025)
    __rt_lib_init_lc_numeric_1               0x00000393   Thumb Code     0  libinit2.o(.ARM.Collect$$libinit$$00000019)
    __rt_lib_init_lc_time_1                  0x00000393   Thumb Code     0  libinit2.o(.ARM.Collect$$libinit$$0000001B)
    __rt_lib_init_return                     0x00000393   Thumb Code     0  libinit2.o(.ARM.Collect$$libinit$$00000035)
    __rt_lib_init_signal_1                   0x00000393   Thumb Code     0  libinit2.o(.ARM.Collect$$libinit$$0000001F)
    __rt_lib_init_stdio_1                    0x00000393   Thumb Code     0  libinit2.o(.ARM.Collect$$libinit$$00000027)
    __rt_lib_shutdown                        0x00000395   Thumb Code     0  libshutdown.o(.ARM.Collect$$libshutdown$$00000000)
    __rt_lib_shutdown_cpp_1                  0x00000397   Thumb Code     0  libshutdown2.o(.ARM.Collect$$libshutdown$$00000002)
    __rt_lib_shutdown_fp_trap_1              0x00000397   Thumb Code     0  libshutdown2.o(.ARM.Collect$$libshutdown$$00000007)
    __rt_lib_shutdown_heap_1                 0x00000397   Thumb Code     0  libshutdown2.o(.ARM.Collect$$libshutdown$$0000000F)
    __rt_lib_shutdown_return                 0x00000397   Thumb Code     0  libshutdown2.o(.ARM.Collect$$libshutdown$$00000010)
    __rt_lib_shutdown_signal_1               0x00000397   Thumb Code     0  libshutdown2.o(.ARM.Collect$$libshutdown$$0000000A)
    __rt_lib_shutdown_stdio_1                0x00000397   Thumb Code     0  libshutdown2.o(.ARM.Collect$$libshutdown$$00000004)
    __rt_lib_shutdown_user_alloc_1           0x00000397   Thumb Code     0  libshutdown2.o(.ARM.Collect$$libshutdown$$0000000C)
    __rt_entry                               0x00000399   Thumb Code     0  __rtentry.o(.ARM.Collect$$rtentry$$00000000)
    __rt_entry_presh_1                       0x00000399   Thumb Code     0  __rtentry2.o(.ARM.Collect$$rtentry$$00000002)
    __rt_entry_sh                            0x00000399   Thumb Code     0  __rtentry4.o(.ARM.Collect$$rtentry$$00000004)
    __rt_entry_postsh_1                      0x0000039f   Thumb Code     0  __rtentry2.o(.ARM.Collect$$rtentry$$00000008)
    __rt_entry_li                            0x000003a7   Thumb Code     0  __rtentry2.o(.ARM.Collect$$rtentry$$0000000A)
    __rt_entry_main                          0x000003ab   Thumb Code     0  __rtentry2.o(.ARM.Collect$$rtentry$$0000000D)
    __rt_entry_postli_1                      0x000003ab   Thumb Code     0  __rtentry2.o(.ARM.Collect$$rtentry$$0000000C)
    __rt_exit                                0x000003b3   Thumb Code     0  rtexit.o(.ARM.Collect$$rtexit$$00000000)
    __rt_exit_ls                             0x000003b5   Thumb Code     0  rtexit2.o(.ARM.Collect$$rtexit$$00000003)
    __rt_exit_prels_1                        0x000003b5   Thumb Code     0  rtexit2.o(.ARM.Collect$$rtexit$$00000002)
    __rt_exit_exit                           0x000003b9   Thumb Code     0  rtexit2.o(.ARM.Collect$$rtexit$$00000004)
    Reset_Handler                            0x000003c1   Thumb Code     8  startup_tm4c123.o(.text)
    NMI_Handler                              0x000003c9   Thumb Code     2  startup_tm4c123.o(.text)
    HardFault_Handler                        0x000003cb   Thumb Code     2  startup_tm4c123.o(.text)
    MemManage_Handler                        0x000003cd   Thumb Code     2  startup_tm4c123.o(.text)
    BusFault_Handler                         0x000003cf   Thumb Code     2  startup_tm4c123.o(.text)
    UsageFault_Handler                       0x000003d1   Thumb Code     2  startup_tm4c123.o(.text)
    DebugMon_Handler                         0x000003d5   Thumb Code     2  startup_tm4c123.o(.text)
    GPIOA_Handler                            0x000003db   Thumb Code     2  startup_tm4c123.o(.text)
    GPIOB_Handler                            0x000003dd   Thumb Code     2  startup_tm4c123.o(.text)
    GPIOC_Handler                            0x000003df   Thumb Code     2  startup_tm4c123.o(.text)
    GPIOD_Handler                            0x000003e1   Thumb Code     2  startup_tm4c123.o(.text)
    GPIOE_Handler                            0x000003e3   Thumb Code     2  startup_tm4c123.o(.text)
    UART0_Handler                            0x000003e5   Thumb Code     2  startup_tm4c123.o(.text)
    UART1_Handler                            0x000003e7   Thumb Code     2  startup_tm4c123.o(.text)
    SSI0_Handler                             0x000003e9   Thumb Code     2  startup_tm4c123.o(.text)
    I2C0_Handler                             0x000003eb   Thumb Code     2  startup_tm4c123.o(.text)
    PMW0_FAULT_Handler                       0x000003ed   Thumb Code     2  startup_tm4c123.o(.text)
    PWM0_0_Handler                           0x000003ef   Thumb Code     2  startup_tm4c123.o(.text)
    PWM0_1_Handler                           0x000003f1   Thumb Code     2  startup_tm4c123.o(.text)
    PWM0_2_Handler                           0x000003f3   Thumb Code     2  startup_tm4c123.o(.text)
    QEI0_Handler                             0x000003f5   Thumb Code     2  startup_tm4c123.o(.text)
    ADC0SS0_Handler                          0x000003f7   Thumb Code     2  startup_tm4c123.o(.text)
    ADC0SS1_Handler                          0x000003f9   Thumb Code     2  startup_tm4c123.o(.text)
    ADC0SS2_Handler                          0x000003fb   Thumb Code     2  startup_tm4c123.o(.text)
    ADC0SS3_Handler                          0x000003fd   Thumb Code     2  startup_tm4c123.o(.text)
    WDT0_Handler                             0x000003ff   Thumb Code     2  startup_tm4c123.o(.text)
    TIMER0A_Handler                          0x00000401   Thumb Code     2  startup_tm4c123.o(.text)
    TIMER0B_Handler                          0x00000403   Thumb Code     2  startup_tm4c123.o(.text)
    TIMER1A_Handler                          0x00000405   Thumb Code     2  startup_tm4c123.o(.text)
    TIMER1B_Handler                          0x00000407   Thumb Code     2  startup_tm4c123.o(.text)
    TIMER2A_Handler                          0x00000409   Thumb Code     2  startup_tm4c123.o(.text)
    TIMER2B_Handler                          0x0000040b   Thumb Code     2  startup_tm4c123.o(.text)
    COMP0_Handler                            0x0000040d   Thumb Code     2  startup_tm4c123.o(.text)
    COMP1_Handler                            0x0000040f   Thumb Code     2  startup_tm4c123.o(.text)
    COMP2_Handler                            0x00000411   Thumb Code     2  startup_tm4c123.o(.text)
    SYSCTL_Handler                           0x00000413   Thumb Code     2  startup_tm4c123.o(.text)
    FLASH_Handler                            0x00000415   Thumb Code     2  startup_tm4c123.o(.text)
    GPIOF_Handler                            0x00000417   Thumb Code     2  startup_tm4c123.o(.text)
    GPIOG_Handler                            0x00000419   Thumb Code     2  startup_tm4c123.o(.text)
    GPIOH_Handler                            0x0000041b   Thumb Code     2  startup_tm4c123.o(.text)
    UART2_Handler                            0x0000041d   Thumb Code     2  startup_tm4c123.o(.text)
    SSI1_Handler                             0x0000041f   Thumb Code     2  startup_tm4c123.o(.text)
    TIMER3A_Handler                          0x00000421   Thumb Code     2  startup_tm4c123.o(.text)
    TIMER3B_Handler                          0x00000423   Thumb Code     2  startup_tm4c123.o(.text)
    I2C1_Handler                             0x00000425   Thumb Code     2  startup_tm4c123.o(.text)
    QEI1_Handler                             0x00000427   Thumb Code     2  startup_tm4c123.o(.text)
    CAN0_Handler                             0x00000429   Thumb Code     2  startup_tm4c123.o(.text)
    CAN1_Handler                             0x0000042b   Thumb Code     2  startup_tm4c123.o(.text)
    CAN2_Handler                             0x0000042d   Thumb Code     2  startup_tm4c123.o(.text)
    HIB_Handler                              0x0000042f   Thumb Code     2  startup_tm4c123.o(.text)
    USB0_Handler                             0x00000431   Thumb Code     2  startup_tm4c123.o(.text)
    PWM0_3_Handler                           0x00000433   Thumb Code     2  startup_tm4c123.o(.text)
    UDMA_Handler                             0x00000435   Thumb Code     2  startup_tm4c123.o(.text)
    UDMAERR_Handler                          0x00000437   Thumb Code     2  startup_tm4c123.o(.text)
    ADC1SS0_Handler                          0x00000439   Thumb Code     2  startup_tm4c123.o(.text)
    ADC1SS1_Handler                          0x0000043b   Thumb Code     2  startup_tm4c123.o(.text)
    ADC1SS2_Handler                          0x0000043d   Thumb Code     2  startup_tm4c123.o(.text)
    ADC1SS3_Handler                          0x0000043f   Thumb Code     2  startup_tm4c123.o(.text)
    GPIOJ_Handler                            0x00000441   Thumb Code     2  startup_tm4c123.o(.text)
    GPIOK_Handler                            0x00000443   Thumb Code     2  startup_tm4c123.o(.text)
    GPIOL_Handler                            0x00000445   Thumb Code     2  startup_tm4c123.o(.text)
    SSI2_Handler                             0x00000447   Thumb Code     2  startup_tm4c123.o(.text)
    SSI3_Handler                             0x00000449   Thumb Code     2  startup_tm4c123.o(.text)
    UART3_Handler                            0x0000044b   Thumb Code     2  startup_tm4c123.o(.text)
    UART4_Handler                            0x0000044d   Thumb Code     2  startup_tm4c123.o(.text)
    UART5_Handler                            0x0000044f   Thumb Code     2  startup_tm4c123.o(.text)
    UART6_Handler                            0x00000451   Thumb Code     2  startup_tm4c123.o(.text)
    UART7_Handler                            0x00000453   Thumb Code     2  startup_tm4c123.o(.text)
    I2C2_Handler                             0x00000455   Thumb Code     2  startup_tm4c123.o(.text)
    I2C3_Handler                             0x00000457   Thumb Code     2  startup_tm4c123.o(.text)
    TIMER4A_Handler                          0x00000459   Thumb Code     2  startup_tm4c123.o(.text)
    TIMER4B_Handler                          0x0000045b   Thumb Code     2  startup_tm4c123.o(.text)
    TIMER5A_Handler                          0x0000045d   Thumb Code     2  startup_tm4c123.o(.text)
    TIMER5B_Handler                          0x0000045f   Thumb Code     2  startup_tm4c123.o(.text)
    WTIMER0A_Handler                         0x00000461   Thumb Code     2  startup_tm4c123.o(.text)
    WTIMER0B_Handler                         0x00000463   Thumb Code     2  startup_tm4c123.o(.text)
    WTIMER1A_Handler                         0x00000465   Thumb Code     2  startup_tm4c123.o(.text)
    WTIMER1B_Handler                         0x00000467   Thumb Code     2  startup_tm4c123.o(.text)
    WTIMER2A_Handler                         0x00000469   Thumb Code     2  startup_tm4c123.o(.text)
    WTIMER2B_Handler                         0x0000046b   Thumb Code     2  startup_tm4c123.o(.text)
    WTIMER3A_Handler                         0x0000046d   Thumb Code     2  startup_tm4c123.o(.text)
    WTIMER3B_Handler                         0x0000046f   Thumb Code     2  startup_tm4c123.o(.text)
    WTIMER4A_Handler                         0x00000471   Thumb Code     2  startup_tm4c123.o(.text)
    WTIMER4B_Handler                         0x00000473   Thumb Code     2  startup_tm4c123.o(.text)
    WTIMER5A_Handler                         0x00000475   Thumb Code     2  startup_tm4c123.o(.text)
    WTIMER5B_Handler                         0x00000477   Thumb Code     2  startup_tm4c123.o(.text)
    FPU_Handler                              0x00000479   Thumb Code     2  startup_tm4c123.o(.text)
    I2C4_Handler                             0x0000047b   Thumb Code     2  startup_tm4c123.o(.text)
    I2C5_Handler                             0x0000047d   Thumb Code     2  startup_tm4c123.o(.text)
    GPIOM_Handler                            0x0000047f   Thumb Code     2  startup_tm4c123.o(.text)
    GPION_Handler                            0x00000481   Thumb Code     2  startup_tm4c123.o(.text)
    QEI2_Handler                             0x00000483   Thumb Code     2  startup_tm4c123.o(.text)
    GPIOP0_Handler                           0x00000485   Thumb Code     2  startup_tm4c123.o(.text)
    GPIOP1_Handler                           0x00000487   Thumb Code     2  startup_tm4c123.o(.text)
    GPIOP2_Handler                           0x00000489   Thumb Code     2  startup_tm4c123.o(.text)
    GPIOP3_Handler                           0x0000048b   Thumb Code     2  startup_tm4c123.o(.text)
    GPIOP4_Handler                           0x0000048d   Thumb Code     2  startup_tm4c123.o(.text)
    GPIOP5_Handler                           0x0000048f   Thumb Code     2  startup_tm4c123.o(.text)
    GPIOP6_Handler                           0x00000491   Thumb Code     2  startup_tm4c123.o(.text)
    GPIOP7_Handler                           0x00000493   Thumb Code     2  startup_tm4c123.o(.text)
    GPIOQ0_Handler                           0x00000495   Thumb Code     2  startup_tm4c123.o(.text)
    GPIOQ1_Handler                           0x00000497   Thumb Code     2  startup_tm4c123.o(.text)
    GPIOQ2_Handler                           0x00000499   Thumb Code     2  startup_tm4c123.o(.text)
    GPIOQ3_Handler                           0x0000049b   Thumb Code     2  startup_tm4c123.o(.text)
    GPIOQ4_Handler                           0x0000049d   Thumb Code     2  startup_tm4c123.o(.text)
    GPIOQ5_Handler                           0x0000049f   Thumb Code     2  startup_tm4c123.o(.text)
    GPIOQ6_Handler                           0x000004a1   Thumb Code     2  startup_tm4c123.o(.text)
    GPIOQ7_Handler                           0x000004a3   Thumb Code     2  startup_tm4c123.o(.text)
    GPIOR_Handler                            0x000004a5   Thumb Code     2  startup_tm4c123.o(.text)
    GPIOS_Handler                            0x000004a7   Thumb Code     2  startup_tm4c123.o(.text)
    PMW1_0_Handler                           0x000004a9   Thumb Code     2  startup_tm4c123.o(.text)
    PWM1_1_Handler                           0x000004ab   Thumb Code     2  startup_tm4c123.o(.text)
    PWM1_2_Handler                           0x000004ad   Thumb Code     2  startup_tm4c123.o(.text)
    PWM1_3_Handler                           0x000004af   Thumb Code     2  startup_tm4c123.o(.text)
    PWM1_FAULT_Handler                       0x000004b1   Thumb Code     2  startup_tm4c123.o(.text)
    __user_initial_stackheap                 0x000004b5   Thumb Code     0  startup_tm4c123.o(.text)
    snprintf                                 0x000004d5   Thumb Code    58  snprintf.o(.text)
    __aeabi_memcpy                           0x00000515   Thumb Code     0  rt_memcpy_v6.o(.text)
    __rt_memcpy                              0x00000515   Thumb Code   138  rt_memcpy_v6.o(.text)
    _memcpy_lastbytes                        0x0000057b   Thumb Code     0  rt_memcpy_v6.o(.text)
    __aeabi_memset4                          0x0000059f   Thumb Code    16  aeabi_memset4.o(.text)
    __aeabi_memset8                          0x0000059f   Thumb Code     0  aeabi_memset4.o(.text)
    __aeabi_memclr                           0x000005af   Thumb Code     0  rt_memclr.o(.text)
    __rt_memclr                              0x000005af   Thumb Code     0  rt_memclr.o(.text)
    _memset                                  0x000005b3   Thumb Code    64  rt_memclr.o(.text)
    strcmp                                   0x000005f9   Thumb Code   124  strcmpv7em.o(.text)
    __use_two_region_memory                  0x00000675   Thumb Code     2  heapauxi.o(.text)
    __rt_heap_escrow$2region                 0x00000677   Thumb Code     2  heapauxi.o(.text)
    __rt_heap_expand$2region                 0x00000679   Thumb Code     2  heapauxi.o(.text)
    _printf_pre_padding                      0x0000067b   Thumb Code    44  _printf_pad.o(.text)
    _printf_post_padding                     0x000006a7   Thumb Code    34  _printf_pad.o(.text)
    _printf_truncate_signed                  0x000006c9   Thumb Code    18  _printf_truncate.o(.text)
    _printf_truncate_unsigned                0x000006db   Thumb Code    18  _printf_truncate.o(.text)
    _printf_str                              0x000006ed   Thumb Code    82  _printf_str.o(.text)
    _printf_int_dec                          0x00000741   Thumb Code   104  _printf_dec.o(.text)
    _printf_charcount                        0x000007b9   Thumb Code    40  _printf_charcount.o(.text)
    _printf_char_common                      0x000007eb   Thumb Code    32  _printf_char_common.o(.text)
    _snputc                                  0x00000811   Thumb Code    16  _snputc.o(.text)
    _printf_wctomb                           0x00000821   Thumb Code   182  _printf_wctomb.o(.text)
    _printf_longlong_dec                     0x000008dd   Thumb Code   108  _printf_longlong_dec.o(.text)
    _printf_longlong_oct                     0x00000959   Thumb Code    68  _printf_oct_int_ll.o(.text)
    _printf_int_oct                          0x0000099d   Thumb Code    24  _printf_oct_int_ll.o(.text)
    _printf_ll_oct                           0x000009b5   Thumb Code    12  _printf_oct_int_ll.o(.text)
    _printf_longlong_hex                     0x000009c9   Thumb Code    86  _printf_hex_int_ll_ptr.o(.text)
    _printf_int_hex                          0x00000a1f   Thumb Code    28  _printf_hex_int_ll_ptr.o(.text)
    _printf_ll_hex                           0x00000a3b   Thumb Code    12  _printf_hex_int_ll_ptr.o(.text)
    _printf_hex_ptr                          0x00000a47   Thumb Code    18  _printf_hex_int_ll_ptr.o(.text)
    __printf                                 0x00000a5d   Thumb Code   388  __printf_flags_ss_wp.o(.text)
    __aeabi_memcpy4                          0x00000be5   Thumb Code     0  rt_memcpy_w.o(.text)
    __aeabi_memcpy8                          0x00000be5   Thumb Code     0  rt_memcpy_w.o(.text)
    __rt_memcpy_w                            0x00000be5   Thumb Code   100  rt_memcpy_w.o(.text)
    _memcpy_lastbytes_aligned                0x00000c2d   Thumb Code     0  rt_memcpy_w.o(.text)
    __aeabi_memclr4                          0x00000c49   Thumb Code     0  rt_memclr_w.o(.text)
    __aeabi_memclr8                          0x00000c49   Thumb Code     0  rt_memclr_w.o(.text)
    __rt_memclr_w                            0x00000c49   Thumb Code     0  rt_memclr_w.o(.text)
    _memset_w                                0x00000c4d   Thumb Code    74  rt_memclr_w.o(.text)
    _ll_udiv10                               0x00000c97   Thumb Code   138  lludiv10.o(.text)
    _printf_int_common                       0x00000d21   Thumb Code   178  _printf_intcommon.o(.text)
    _printf_fp_dec_real                      0x00000f83   Thumb Code   620  _printf_fp_dec.o(.text)
    _printf_fp_hex_real                      0x000011f1   Thumb Code   756  _printf_fp_hex.o(.text)
    _printf_cs_common                        0x000014ed   Thumb Code    20  _printf_char.o(.text)
    _printf_char                             0x00001501   Thumb Code    16  _printf_char.o(.text)
    _printf_string                           0x00001511   Thumb Code     8  _printf_char.o(.text)
    _printf_lcs_common                       0x00001519   Thumb Code    20  _printf_wchar.o(.text)
    _printf_wchar                            0x0000152d   Thumb Code    16  _printf_wchar.o(.text)
    _printf_wstring                          0x0000153d   Thumb Code     8  _printf_wchar.o(.text)
    _c16rtomb                                0x00001545   Thumb Code    72  _c16rtomb.o(.text)
    _wcrtomb                                 0x00001545   Thumb Code     0  _c16rtomb.o(.text)
    __user_setup_stackheap                   0x0000158d   Thumb Code    74  sys_stackheap_outer.o(.text)
    __rt_ctype_table                         0x000015d9   Thumb Code    16  rt_ctype_table.o(.text)
    __rt_locale                              0x000015e9   Thumb Code    10  rt_locale_twolibspace.o(.text)
    _printf_fp_infnan                        0x000015f5   Thumb Code   112  _printf_fp_infnan.o(.text)
    _btod_etento                             0x00001675   Thumb Code   224  bigflt0.o(.text)
    exit                                     0x00001759   Thumb Code    18  exit.o(.text)
    __user_libspace                          0x0000176d   Thumb Code     8  libspace.o(.text)
    __user_perproc_libspace                  0x0000176d   Thumb Code     0  libspace.o(.text)
    _sys_exit                                0x00001775   Thumb Code     8  sys_exit.o(.text)
    __I$use$semihosting                      0x00001781   Thumb Code     0  use_no_semi.o(.text)
    __use_no_semihosting_swi                 0x00001781   Thumb Code     2  use_no_semi.o(.text)
    __semihosting_library_function           0x00001783   Thumb Code     0  indicate_semi.o(.text)
    _fp_init                                 0x00001785   Thumb Code    22  clib_os.o(.text.$Sub$$_fp_init)
    Buttons_Read                             0x0000179d   Thumb Code    42  buttons_controls.o(.text.Buttons_Read)
    BuzzerAlertInit                          0x000017c9   Thumb Code   154  buzzer_alert.o(.text.BuzzerAlertInit)
    Buzzer_Off                               0x00001865   Thumb Code    18  buzzer_alert.o(.text.Buzzer_Off)
    Buzzer_On                                0x00001879   Thumb Code    18  buzzer_alert.o(.text.Buzzer_On)
    EncoderInit                              0x0000188d   Thumb Code   296  encoder.o(.text.EncoderInit)
    EncoderTask                              0x000019b5   Thumb Code    36  encoder.o(.text.EncoderTask)
    Encoder_ReadPosition                     0x000019d9   Thumb Code    12  encoder.o(.text.Encoder_ReadPosition)
    GpioInitInit                             0x000019e5   Thumb Code   496  gpio_init.o(.text.GpioInitInit)
    IrSensorInit                             0x00001bd5   Thumb Code   120  ir_sensor.o(.text.IrSensorInit)
    IrSensorIsObstacleDetected               0x00001c4d   Thumb Code    16  ir_sensor.o(.text.IrSensorIsObstacleDetected)
    LCD_Clear                                0x00001c5d   Thumb Code    10  lcd_display.o(.text.LCD_Clear)
    LCD_DisplayString                        0x00001c69   Thumb Code    34  lcd_display.o(.text.LCD_DisplayString)
    LCD_EnablePulse                          0x00001c8d   Thumb Code    90  lcd_display.o(.text.LCD_EnablePulse)
    LCD_Init                                 0x00001ce9   Thumb Code   144  lcd_display.o(.text.LCD_Init)
    LCD_SendCommand                          0x00001d79   Thumb Code    78  lcd_display.o(.text.LCD_SendCommand)
    LCD_SendData                             0x00001dc9   Thumb Code    84  lcd_display.o(.text.LCD_SendData)
    LCD_SendNibble                           0x00001e1d   Thumb Code    42  lcd_display.o(.text.LCD_SendNibble)
    LCD_SetCursor                            0x00001e49   Thumb Code    60  lcd_display.o(.text.LCD_SetCursor)
    LimitSwitch_Init                         0x00001e85   Thumb Code    34  limit_switch.o(.text.LimitSwitch_Init)
    Mode_IsAuto                              0x00001ea9   Thumb Code    16  buttons_controls.o(.text.Mode_IsAuto)
    Motor_Down                               0x00001eb9   Thumb Code    34  motor_driver.o(.text.Motor_Down)
    Motor_Init                               0x00001edd   Thumb Code   110  motor_driver.o(.text.Motor_Init)
    Motor_Stop                               0x00001f4d   Thumb Code    26  motor_driver.o(.text.Motor_Stop)
    Motor_Up                                 0x00001f69   Thumb Code    34  motor_driver.o(.text.Motor_Up)
    ObstacleDetectionTask                    0x00001f8d   Thumb Code   270  obstacle_detection_task.o(.text.ObstacleDetectionTask)
    PendSV_Handler                           0x000020a1   Thumb Code   100  port.o(.text.PendSV_Handler)
    PositionTrackingTask                     0x00002105   Thumb Code    80  position_tracking_task.o(.text.PositionTrackingTask)
    SVC_Handler                              0x00002161   Thumb Code    36  port.o(.text.SVC_Handler)
    SysTick_Handler                          0x00002185   Thumb Code    30  cmsis_os2.o(.text.SysTick_Handler)
    SystemInit                               0x000021a5   Thumb Code   268  system_tm4c123.o(.text.SystemInit)
    SystemStatusTask                         0x000022b1   Thumb Code   176  system_status_task.o(.text.SystemStatusTask)
    WindowControlTask                        0x00002361   Thumb Code   336  window_control_task.o(.text.WindowControlTask)
    _mutex_acquire                           0x000024b1   Thumb Code    40  clib_os.o(.text._mutex_acquire)
    _mutex_free                              0x000024d9   Thumb Code    84  clib_os.o(.text._mutex_free)
    _mutex_initialize                        0x0000252d   Thumb Code   168  clib_os.o(.text._mutex_initialize)
    _mutex_release                           0x000025d5   Thumb Code    42  clib_os.o(.text._mutex_release)
    _platform_post_stackheap_init            0x00002601   Thumb Code     2  clib_os.o(.text._platform_post_stackheap_init)
    main                                     0x00002625   Thumb Code   200  main.o(.text.main)
    pvPortMalloc                             0x000036dd   Thumb Code   438  heap_4.o(.text.pvPortMalloc)
    pvTaskIncrementMutexHeldCount            0x00003895   Thumb Code    36  tasks.o(.text.pvTaskIncrementMutexHeldCount)
    pxPortInitialiseStack                    0x000038b9   Thumb Code    94  port.o(.text.pxPortInitialiseStack)
    ulTaskGenericNotifyTake                  0x00003919   Thumb Code   268  tasks.o(.text.ulTaskGenericNotifyTake)
    uxListRemove                             0x00003a25   Thumb Code    72  list.o(.text.uxListRemove)
    vApplicationGetIdleTaskMemory            0x00003a6d   Thumb Code    42  tasks.o(.text.vApplicationGetIdleTaskMemory)
    vApplicationGetTimerTaskMemory           0x00003a99   Thumb Code    42  tasks.o(.text.vApplicationGetTimerTaskMemory)
    vApplicationStackOverflowHook            0x00003ac5   Thumb Code    10  cmsis_os2.o(.text.vApplicationStackOverflowHook)
    vListInitialise                          0x00003ad1   Thumb Code    46  list.o(.text.vListInitialise)
    vListInitialiseItem                      0x00003b01   Thumb Code    14  list.o(.text.vListInitialiseItem)
    vListInsert                              0x00003b11   Thumb Code   106  list.o(.text.vListInsert)
    vPortEnterCritical                       0x00003b91   Thumb Code    48  port.o(.text.vPortEnterCritical)
    vPortExitCritical                        0x00003bc1   Thumb Code    38  port.o(.text.vPortExitCritical)
    vPortFree                                0x00003be9   Thumb Code   118  heap_4.o(.text.vPortFree)
    vPortSetupTimerInterrupt                 0x00003c61   Thumb Code    68  port.o(.text.vPortSetupTimerInterrupt)
    vQueueDelete                             0x00003ca5   Thumb Code    34  queue.o(.text.vQueueDelete)
    vQueueWaitForMessageRestricted           0x00003cc9   Thumb Code   100  queue.o(.text.vQueueWaitForMessageRestricted)
    vTaskDelay                               0x00003d2d   Thumb Code    74  tasks.o(.text.vTaskDelay)
    vTaskInternalSetTimeOutState             0x00003d79   Thumb Code    36  tasks.o(.text.vTaskInternalSetTimeOutState)
    vTaskMissedYield                         0x00003d9d   Thumb Code    14  tasks.o(.text.vTaskMissedYield)
    vTaskPlaceOnEventList                    0x00003dad   Thumb Code    38  tasks.o(.text.vTaskPlaceOnEventList)
    vTaskPlaceOnEventListRestricted          0x00003dd5   Thumb Code   100  tasks.o(.text.vTaskPlaceOnEventListRestricted)
    vTaskPriorityDisinheritAfterTimeout      0x00003e39   Thumb Code   312  tasks.o(.text.vTaskPriorityDisinheritAfterTimeout)
    vTaskStartScheduler                      0x00003f71   Thumb Code   114  tasks.o(.text.vTaskStartScheduler)
    vTaskSuspendAll                          0x00003fe5   Thumb Code    16  tasks.o(.text.vTaskSuspendAll)
    vTaskSwitchContext                       0x00003ff5   Thumb Code   284  tasks.o(.text.vTaskSwitchContext)
    xPortStartScheduler                      0x00004111   Thumb Code   108  port.o(.text.xPortStartScheduler)
    xPortSysTickHandler                      0x0000417d   Thumb Code    62  port.o(.text.xPortSysTickHandler)
    xQueueCreateMutex                        0x000041bd   Thumb Code    38  queue.o(.text.xQueueCreateMutex)
    xQueueCreateMutexStatic                  0x000041e5   Thumb Code    50  queue.o(.text.xQueueCreateMutexStatic)
    xQueueGenericCreate                      0x00004219   Thumb Code   134  queue.o(.text.xQueueGenericCreate)
    xQueueGenericCreateStatic                0x000042a1   Thumb Code   108  queue.o(.text.xQueueGenericCreateStatic)
    xQueueGenericReset                       0x0000430d   Thumb Code   208  queue.o(.text.xQueueGenericReset)
    xQueueGenericSend                        0x000043dd   Thumb Code   362  queue.o(.text.xQueueGenericSend)
    xQueueReceive                            0x00004549   Thumb Code   338  queue.o(.text.xQueueReceive)
    xQueueSemaphoreTake                      0x0000469d   Thumb Code   414  queue.o(.text.xQueueSemaphoreTake)
    xTaskCheckForTimeOut                     0x0000483d   Thumb Code   196  tasks.o(.text.xTaskCheckForTimeOut)
    xTaskCreate                              0x00004901   Thumb Code    82  tasks.o(.text.xTaskCreate)
    xTaskCreateStatic                        0x00004955   Thumb Code    92  tasks.o(.text.xTaskCreateStatic)
    xTaskGetSchedulerState                   0x000049b1   Thumb Code    56  tasks.o(.text.xTaskGetSchedulerState)
    xTaskGetTickCount                        0x000049e9   Thumb Code    20  tasks.o(.text.xTaskGetTickCount)
    xTaskIncrementTick                       0x000049fd   Thumb Code   606  tasks.o(.text.xTaskIncrementTick)
    xTaskPriorityDisinherit                  0x00004c5d   Thumb Code   242  tasks.o(.text.xTaskPriorityDisinherit)
    xTaskPriorityInherit                     0x00004d51   Thumb Code   348  tasks.o(.text.xTaskPriorityInherit)
    xTaskRemoveFromEventList                 0x00004ead   Thumb Code   404  tasks.o(.text.xTaskRemoveFromEventList)
    xTaskResumeAll                           0x00005041   Thumb Code   574  tasks.o(.text.xTaskResumeAll)
    xTimerCreateTimerTask                    0x00005281   Thumb Code   120  timers.o(.text.xTimerCreateTimerTask)
    _btod_d2e                                0x000052f9   Thumb Code    62  btod.o(CL$$btod_d2e)
    _d2e_denorm_low                          0x00005337   Thumb Code    70  btod.o(CL$$btod_d2e_denorm_low)
    _d2e_norm_op1                            0x0000537d   Thumb Code    96  btod.o(CL$$btod_d2e_norm_op1)
    __btod_div_common                        0x000053dd   Thumb Code   696  btod.o(CL$$btod_div_common)
    _e2e                                     0x00005715   Thumb Code   220  btod.o(CL$$btod_e2e)
    _btod_ediv                               0x000057f1   Thumb Code    42  btod.o(CL$$btod_ediv)
    _btod_emul                               0x0000581b   Thumb Code    42  btod.o(CL$$btod_emul)
    __btod_mult_common                       0x00005845   Thumb Code   580  btod.o(CL$$btod_mult_common)
    __ARM_fpclassify                         0x00005a89   Thumb Code    48  fpclassify.o(i.__ARM_fpclassify)
    _is_digit                                0x00005ab9   Thumb Code    14  __printf_wp.o(i._is_digit)
    _get_lc_numeric                          0x00005ac9   Thumb Code    44  lc_numeric_c.o(locale$$code)
    _get_lc_ctype                            0x00005af5   Thumb Code    44  lc_ctype_c.o(locale$$code)
    $Super$$_fp_init                         0x00005b21   Thumb Code    26  fpinit.o(x$fpl$fpinit)
    __fplib_config_fpu_vfp                   0x00005b39   Thumb Code     0  fpinit.o(x$fpl$fpinit)
    __fplib_config_pureend_doubles           0x00005b39   Thumb Code     0  fpinit.o(x$fpl$fpinit)
    _printf_fp_dec                           0x00005b3b   Thumb Code     4  printf1.o(x$fpl$printf1)
    _printf_fp_hex                           0x00005b3f   Thumb Code     4  printf2.o(x$fpl$printf2)
    __I$use$fp                               0x00005b42   Number         0  usenofp.o(x$fpl$usenofp)
    Region$$Table$$Base                      0x00005cd8   Number         0  anon$$obj.o(Region$$Table)
    Region$$Table$$Limit                     0x00005cf8   Number         0  anon$$obj.o(Region$$Table)
    __ctype                                  0x00005d21   Data           0  lc_ctype_c.o(locale$$data)
    SystemCoreClock                          0x20000000   Data           4  system_tm4c123.o(.data.SystemCoreClock)
    __libspace_start                         0x20000008   Data          96  libspace.o(.bss)
    __temporary_stack_top$libspace           0x20000068   Data           0  libspace.o(.bss)
    encoderPosition                          0x2000020c   Data           4  encoder.o(.bss.encoderPosition)
    encoderTaskHandle                        0x20000210   Data           4  encoder.o(.bss.encoderTaskHandle)
    isAutoMode                               0x20000214   Data           1  system_status_task.o(.bss.isAutoMode)
    isMovingDown                             0x20000215   Data           1  system_status_task.o(.bss.isMovingDown)
    obstaclePresent                          0x20000216   Data           1  obstacle_detection_task.o(.bss.obstaclePresent)
    pxCurrentTCB                             0x200002bc   Data           4  tasks.o(.bss.pxCurrentTCB)
    windowLock                               0x20002b40   Data           1  system_status_task.o(.bss.windowLock)
    xObstacleDetectedSemaphore               0x20002bb0   Data           4  obstacle_detection_task.o(.bss.xObstacleDetectedSemaphore)
    xWindowControlSemaphore                  0x20002c0c   Data           4  main.o(.bss.xWindowControlSemaphore)



==============================================================================

Memory Map of the image

  Image Entry point : 0x000003c1

  Load Region LR_1 (Base: 0x00000000, Size: 0x00005e2c, Max: 0xffffffff, ABSOLUTE)

    Execution Region ER_RO (Exec base: 0x00000000, Load base: 0x00000000, Size: 0x00005e24, Max: 0xffffffff, ABSOLUTE)

    Exec Addr    Load Addr    Size         Type   Attr      Idx    E Section Name        Object

    0x00000000   0x00000000   0x0000026c   Data   RO          430    RESET               startup_tm4c123.o
    0x0000026c   0x0000026c   0x00000008   Code   RO          936  * !!!main             c_w.l(__main.o)
    0x00000274   0x00000274   0x00000034   Code   RO         1275    !!!scatter          c_w.l(__scatter.o)
    0x000002a8   0x000002a8   0x0000001a   Code   RO         1277    !!handler_copy      c_w.l(__scatter_copy.o)
    0x000002c2   0x000002c2   0x00000002   PAD
    0x000002c4   0x000002c4   0x0000001c   Code   RO         1279    !!handler_zi        c_w.l(__scatter_zi.o)
    0x000002e0   0x000002e0   0x00000000   Code   RO         1022    .ARM.Collect$$_printf_percent$$00000000  c_w.l(_printf_percent.o)
    0x000002e0   0x000002e0   0x00000006   Code   RO         1011    .ARM.Collect$$_printf_percent$$00000001  c_w.l(_printf_n.o)
    0x000002e6   0x000002e6   0x00000006   Code   RO         1013    .ARM.Collect$$_printf_percent$$00000002  c_w.l(_printf_p.o)
    0x000002ec   0x000002ec   0x00000006   Code   RO         1018    .ARM.Collect$$_printf_percent$$00000003  c_w.l(_printf_f.o)
    0x000002f2   0x000002f2   0x00000006   Code   RO         1019    .ARM.Collect$$_printf_percent$$00000004  c_w.l(_printf_e.o)
    0x000002f8   0x000002f8   0x00000006   Code   RO         1020    .ARM.Collect$$_printf_percent$$00000005  c_w.l(_printf_g.o)
    0x000002fe   0x000002fe   0x00000006   Code   RO         1021    .ARM.Collect$$_printf_percent$$00000006  c_w.l(_printf_a.o)
    0x00000304   0x00000304   0x0000000a   Code   RO         1026    .ARM.Collect$$_printf_percent$$00000007  c_w.l(_printf_ll.o)
    0x0000030e   0x0000030e   0x00000006   Code   RO         1015    .ARM.Collect$$_printf_percent$$00000008  c_w.l(_printf_i.o)
    0x00000314   0x00000314   0x00000006   Code   RO         1016    .ARM.Collect$$_printf_percent$$00000009  c_w.l(_printf_d.o)
    0x0000031a   0x0000031a   0x00000006   Code   RO         1017    .ARM.Collect$$_printf_percent$$0000000A  c_w.l(_printf_u.o)
    0x00000320   0x00000320   0x00000006   Code   RO         1014    .ARM.Collect$$_printf_percent$$0000000B  c_w.l(_printf_o.o)
    0x00000326   0x00000326   0x00000006   Code   RO         1012    .ARM.Collect$$_printf_percent$$0000000C  c_w.l(_printf_x.o)
    0x0000032c   0x0000032c   0x00000006   Code   RO         1023    .ARM.Collect$$_printf_percent$$0000000D  c_w.l(_printf_lli.o)
    0x00000332   0x00000332   0x00000006   Code   RO         1024    .ARM.Collect$$_printf_percent$$0000000E  c_w.l(_printf_lld.o)
    0x00000338   0x00000338   0x00000006   Code   RO         1025    .ARM.Collect$$_printf_percent$$0000000F  c_w.l(_printf_llu.o)
    0x0000033e   0x0000033e   0x00000006   Code   RO         1030    .ARM.Collect$$_printf_percent$$00000010  c_w.l(_printf_llo.o)
    0x00000344   0x00000344   0x00000006   Code   RO         1031    .ARM.Collect$$_printf_percent$$00000011  c_w.l(_printf_llx.o)
    0x0000034a   0x0000034a   0x0000000a   Code   RO         1027    .ARM.Collect$$_printf_percent$$00000012  c_w.l(_printf_l.o)
    0x00000354   0x00000354   0x00000006   Code   RO         1009    .ARM.Collect$$_printf_percent$$00000013  c_w.l(_printf_c.o)
    0x0000035a   0x0000035a   0x00000006   Code   RO         1010    .ARM.Collect$$_printf_percent$$00000014  c_w.l(_printf_s.o)
    0x00000360   0x00000360   0x00000006   Code   RO         1028    .ARM.Collect$$_printf_percent$$00000015  c_w.l(_printf_lc.o)
    0x00000366   0x00000366   0x00000006   Code   RO         1029    .ARM.Collect$$_printf_percent$$00000016  c_w.l(_printf_ls.o)
    0x0000036c   0x0000036c   0x00000004   Code   RO         1076    .ARM.Collect$$_printf_percent$$00000017  c_w.l(_printf_percent_end.o)
    0x00000370   0x00000370   0x00000002   Code   RO         1127    .ARM.Collect$$libinit$$00000000  c_w.l(libinit.o)
    0x00000372   0x00000372   0x00000004   Code   RO         1143    .ARM.Collect$$libinit$$00000001  c_w.l(libinit2.o)
    0x00000376   0x00000376   0x00000000   Code   RO         1146    .ARM.Collect$$libinit$$00000004  c_w.l(libinit2.o)
    0x00000376   0x00000376   0x00000000   Code   RO         1148    .ARM.Collect$$libinit$$00000006  c_w.l(libinit2.o)
    0x00000376   0x00000376   0x00000000   Code   RO         1151    .ARM.Collect$$libinit$$0000000C  c_w.l(libinit2.o)
    0x00000376   0x00000376   0x00000000   Code   RO         1153    .ARM.Collect$$libinit$$0000000E  c_w.l(libinit2.o)
    0x00000376   0x00000376   0x00000000   Code   RO         1155    .ARM.Collect$$libinit$$00000010  c_w.l(libinit2.o)
    0x00000376   0x00000376   0x00000006   Code   RO         1156    .ARM.Collect$$libinit$$00000011  c_w.l(libinit2.o)
    0x0000037c   0x0000037c   0x00000000   Code   RO         1158    .ARM.Collect$$libinit$$00000013  c_w.l(libinit2.o)
    0x0000037c   0x0000037c   0x0000000c   Code   RO         1159    .ARM.Collect$$libinit$$00000014  c_w.l(libinit2.o)
    0x00000388   0x00000388   0x00000000   Code   RO         1160    .ARM.Collect$$libinit$$00000015  c_w.l(libinit2.o)
    0x00000388   0x00000388   0x00000000   Code   RO         1162    .ARM.Collect$$libinit$$00000017  c_w.l(libinit2.o)
    0x00000388   0x00000388   0x0000000a   Code   RO         1163    .ARM.Collect$$libinit$$00000018  c_w.l(libinit2.o)
    0x00000392   0x00000392   0x00000000   Code   RO         1164    .ARM.Collect$$libinit$$00000019  c_w.l(libinit2.o)
    0x00000392   0x00000392   0x00000000   Code   RO         1166    .ARM.Collect$$libinit$$0000001B  c_w.l(libinit2.o)
    0x00000392   0x00000392   0x00000000   Code   RO         1168    .ARM.Collect$$libinit$$0000001D  c_w.l(libinit2.o)
    0x00000392   0x00000392   0x00000000   Code   RO         1170    .ARM.Collect$$libinit$$0000001F  c_w.l(libinit2.o)
    0x00000392   0x00000392   0x00000000   Code   RO         1172    .ARM.Collect$$libinit$$00000021  c_w.l(libinit2.o)
    0x00000392   0x00000392   0x00000000   Code   RO         1174    .ARM.Collect$$libinit$$00000023  c_w.l(libinit2.o)
    0x00000392   0x00000392   0x00000000   Code   RO         1176    .ARM.Collect$$libinit$$00000025  c_w.l(libinit2.o)
    0x00000392   0x00000392   0x00000000   Code   RO         1178    .ARM.Collect$$libinit$$00000027  c_w.l(libinit2.o)
    0x00000392   0x00000392   0x00000000   Code   RO         1182    .ARM.Collect$$libinit$$0000002E  c_w.l(libinit2.o)
    0x00000392   0x00000392   0x00000000   Code   RO         1184    .ARM.Collect$$libinit$$00000030  c_w.l(libinit2.o)
    0x00000392   0x00000392   0x00000000   Code   RO         1186    .ARM.Collect$$libinit$$00000032  c_w.l(libinit2.o)
    0x00000392   0x00000392   0x00000000   Code   RO         1188    .ARM.Collect$$libinit$$00000034  c_w.l(libinit2.o)
    0x00000392   0x00000392   0x00000002   Code   RO         1189    .ARM.Collect$$libinit$$00000035  c_w.l(libinit2.o)
    0x00000394   0x00000394   0x00000002   Code   RO         1211    .ARM.Collect$$libshutdown$$00000000  c_w.l(libshutdown.o)
    0x00000396   0x00000396   0x00000000   Code   RO         1226    .ARM.Collect$$libshutdown$$00000002  c_w.l(libshutdown2.o)
    0x00000396   0x00000396   0x00000000   Code   RO         1228    .ARM.Collect$$libshutdown$$00000004  c_w.l(libshutdown2.o)
    0x00000396   0x00000396   0x00000000   Code   RO         1231    .ARM.Collect$$libshutdown$$00000007  c_w.l(libshutdown2.o)
    0x00000396   0x00000396   0x00000000   Code   RO         1234    .ARM.Collect$$libshutdown$$0000000A  c_w.l(libshutdown2.o)
    0x00000396   0x00000396   0x00000000   Code   RO         1236    .ARM.Collect$$libshutdown$$0000000C  c_w.l(libshutdown2.o)
    0x00000396   0x00000396   0x00000000   Code   RO         1239    .ARM.Collect$$libshutdown$$0000000F  c_w.l(libshutdown2.o)
    0x00000396   0x00000396   0x00000002   Code   RO         1240    .ARM.Collect$$libshutdown$$00000010  c_w.l(libshutdown2.o)
    0x00000398   0x00000398   0x00000000   Code   RO          940    .ARM.Collect$$rtentry$$00000000  c_w.l(__rtentry.o)
    0x00000398   0x00000398   0x00000000   Code   RO         1045    .ARM.Collect$$rtentry$$00000002  c_w.l(__rtentry2.o)
    0x00000398   0x00000398   0x00000006   Code   RO         1057    .ARM.Collect$$rtentry$$00000004  c_w.l(__rtentry4.o)
    0x0000039e   0x0000039e   0x00000008   Code   RO         1046    .ARM.Collect$$rtentry$$00000008  c_w.l(__rtentry2.o)
    0x000003a6   0x000003a6   0x00000004   Code   RO         1048    .ARM.Collect$$rtentry$$0000000A  c_w.l(__rtentry2.o)
    0x000003aa   0x000003aa   0x00000000   Code   RO         1050    .ARM.Collect$$rtentry$$0000000C  c_w.l(__rtentry2.o)
    0x000003aa   0x000003aa   0x00000008   Code   RO         1051    .ARM.Collect$$rtentry$$0000000D  c_w.l(__rtentry2.o)
    0x000003b2   0x000003b2   0x00000002   Code   RO         1136    .ARM.Collect$$rtexit$$00000000  c_w.l(rtexit.o)
    0x000003b4   0x000003b4   0x00000000   Code   RO         1191    .ARM.Collect$$rtexit$$00000002  c_w.l(rtexit2.o)
    0x000003b4   0x000003b4   0x00000004   Code   RO         1192    .ARM.Collect$$rtexit$$00000003  c_w.l(rtexit2.o)
    0x000003b8   0x000003b8   0x00000006   Code   RO         1193    .ARM.Collect$$rtexit$$00000004  c_w.l(rtexit2.o)
    0x000003be   0x000003be   0x00000002   PAD
    0x000003c0   0x000003c0   0x00000114   Code   RO          431  * .text               startup_tm4c123.o
    0x000004d4   0x000004d4   0x00000040   Code   RO          924    .text               c_w.l(snprintf.o)
    0x00000514   0x00000514   0x0000008a   Code   RO          926    .text               c_w.l(rt_memcpy_v6.o)
    0x0000059e   0x0000059e   0x00000010   Code   RO          928    .text               c_w.l(aeabi_memset4.o)
    0x000005ae   0x000005ae   0x00000044   Code   RO          930    .text               c_w.l(rt_memclr.o)
    0x000005f2   0x000005f2   0x00000006   PAD
    0x000005f8   0x000005f8   0x0000007c   Code   RO          932    .text               c_w.l(strcmpv7em.o)
    0x00000674   0x00000674   0x00000006   Code   RO          934    .text               c_w.l(heapauxi.o)
    0x0000067a   0x0000067a   0x0000004e   Code   RO          943    .text               c_w.l(_printf_pad.o)
    0x000006c8   0x000006c8   0x00000024   Code   RO          945    .text               c_w.l(_printf_truncate.o)
    0x000006ec   0x000006ec   0x00000052   Code   RO          947    .text               c_w.l(_printf_str.o)
    0x0000073e   0x0000073e   0x00000002   PAD
    0x00000740   0x00000740   0x00000078   Code   RO          949    .text               c_w.l(_printf_dec.o)
    0x000007b8   0x000007b8   0x00000028   Code   RO          951    .text               c_w.l(_printf_charcount.o)
    0x000007e0   0x000007e0   0x00000030   Code   RO          953    .text               c_w.l(_printf_char_common.o)
    0x00000810   0x00000810   0x00000010   Code   RO          955    .text               c_w.l(_snputc.o)
    0x00000820   0x00000820   0x000000bc   Code   RO          957    .text               c_w.l(_printf_wctomb.o)
    0x000008dc   0x000008dc   0x0000007c   Code   RO          960    .text               c_w.l(_printf_longlong_dec.o)
    0x00000958   0x00000958   0x00000070   Code   RO          966    .text               c_w.l(_printf_oct_int_ll.o)
    0x000009c8   0x000009c8   0x00000094   Code   RO          986    .text               c_w.l(_printf_hex_int_ll_ptr.o)
    0x00000a5c   0x00000a5c   0x00000188   Code   RO         1006    .text               c_w.l(__printf_flags_ss_wp.o)
    0x00000be4   0x00000be4   0x00000064   Code   RO         1032    .text               c_w.l(rt_memcpy_w.o)
    0x00000c48   0x00000c48   0x0000004e   Code   RO         1034    .text               c_w.l(rt_memclr_w.o)
    0x00000c96   0x00000c96   0x0000008a   Code   RO         1059    .text               c_w.l(lludiv10.o)
    0x00000d20   0x00000d20   0x000000b2   Code   RO         1061    .text               c_w.l(_printf_intcommon.o)
    0x00000dd2   0x00000dd2   0x0000041c   Code   RO         1063    .text               c_w.l(_printf_fp_dec.o)
    0x000011ee   0x000011ee   0x00000002   PAD
    0x000011f0   0x000011f0   0x000002fc   Code   RO         1067    .text               c_w.l(_printf_fp_hex.o)
    0x000014ec   0x000014ec   0x0000002c   Code   RO         1072    .text               c_w.l(_printf_char.o)
    0x00001518   0x00001518   0x0000002c   Code   RO         1074    .text               c_w.l(_printf_wchar.o)
    0x00001544   0x00001544   0x00000048   Code   RO         1077    .text               c_w.l(_c16rtomb.o)
    0x0000158c   0x0000158c   0x0000004a   Code   RO         1079    .text               c_w.l(sys_stackheap_outer.o)
    0x000015d6   0x000015d6   0x00000002   PAD
    0x000015d8   0x000015d8   0x00000010   Code   RO         1081    .text               c_w.l(rt_ctype_table.o)
    0x000015e8   0x000015e8   0x0000000a   Code   RO         1088    .text               c_w.l(rt_locale_twolibspace.o)
    0x000015f2   0x000015f2   0x00000002   PAD
    0x000015f4   0x000015f4   0x00000080   Code   RO         1090    .text               c_w.l(_printf_fp_infnan.o)
    0x00001674   0x00001674   0x000000e4   Code   RO         1092    .text               c_w.l(bigflt0.o)
    0x00001758   0x00001758   0x00000012   Code   RO         1122    .text               c_w.l(exit.o)
    0x0000176a   0x0000176a   0x00000002   PAD
    0x0000176c   0x0000176c   0x00000008   Code   RO         1133    .text               c_w.l(libspace.o)
    0x00001774   0x00001774   0x0000000c   Code   RO         1201    .text               c_w.l(sys_exit.o)
    0x00001780   0x00001780   0x00000002   Code   RO         1216    .text               c_w.l(use_no_semi.o)
    0x00001782   0x00001782   0x00000000   Code   RO         1218    .text               c_w.l(indicate_semi.o)
    0x00001782   0x00001782   0x00000002   PAD
    0x00001784   0x00001784   0x00000016   Code   RO          177    .text.$Sub$$_fp_init  clib_os.o
    0x0000179a   0x0000179a   0x00000002   PAD
    0x0000179c   0x0000179c   0x0000002a   Code   RO          165    .text.Buttons_Read  buttons_controls.o
    0x000017c6   0x000017c6   0x00000002   PAD
    0x000017c8   0x000017c8   0x0000009a   Code   RO           13    .text.BuzzerAlertInit  buzzer_alert.o
    0x00001862   0x00001862   0x00000002   PAD
    0x00001864   0x00001864   0x00000012   Code   RO           17    .text.Buzzer_Off    buzzer_alert.o
    0x00001876   0x00001876   0x00000002   PAD
    0x00001878   0x00001878   0x00000012   Code   RO           15    .text.Buzzer_On     buzzer_alert.o
    0x0000188a   0x0000188a   0x00000002   PAD
    0x0000188c   0x0000188c   0x00000128   Code   RO           30    .text.EncoderInit   encoder.o
    0x000019b4   0x000019b4   0x00000024   Code   RO           32    .text.EncoderTask   encoder.o
    0x000019d8   0x000019d8   0x0000000c   Code   RO           36    .text.Encoder_ReadPosition  encoder.o
    0x000019e4   0x000019e4   0x000001f0   Code   RO           52    .text.GpioInitInit  gpio_init.o
    0x00001bd4   0x00001bd4   0x00000078   Code   RO           60    .text.IrSensorInit  ir_sensor.o
    0x00001c4c   0x00001c4c   0x00000010   Code   RO           62    .text.IrSensorIsObstacleDetected  ir_sensor.o
    0x00001c5c   0x00001c5c   0x0000000a   Code   RO           79    .text.LCD_Clear     lcd_display.o
    0x00001c66   0x00001c66   0x00000002   PAD
    0x00001c68   0x00001c68   0x00000022   Code   RO           83    .text.LCD_DisplayString  lcd_display.o
    0x00001c8a   0x00001c8a   0x00000002   PAD
    0x00001c8c   0x00001c8c   0x0000005a   Code   RO           71    .text.LCD_EnablePulse  lcd_display.o
    0x00001ce6   0x00001ce6   0x00000002   PAD
    0x00001ce8   0x00001ce8   0x00000090   Code   RO           81    .text.LCD_Init      lcd_display.o
    0x00001d78   0x00001d78   0x0000004e   Code   RO           75    .text.LCD_SendCommand  lcd_display.o
    0x00001dc6   0x00001dc6   0x00000002   PAD
    0x00001dc8   0x00001dc8   0x00000054   Code   RO           77    .text.LCD_SendData  lcd_display.o
    0x00001e1c   0x00001e1c   0x0000002a   Code   RO           73    .text.LCD_SendNibble  lcd_display.o
    0x00001e46   0x00001e46   0x00000002   PAD
    0x00001e48   0x00001e48   0x0000003c   Code   RO           85    .text.LCD_SetCursor  lcd_display.o
    0x00001e84   0x00001e84   0x00000022   Code   RO           94    .text.LimitSwitch_Init  limit_switch.o
    0x00001ea6   0x00001ea6   0x00000002   PAD
    0x00001ea8   0x00001ea8   0x00000010   Code   RO          163    .text.Mode_IsAuto   buttons_controls.o
    0x00001eb8   0x00001eb8   0x00000022   Code   RO          113    .text.Motor_Down    motor_driver.o
    0x00001eda   0x00001eda   0x00000002   PAD
    0x00001edc   0x00001edc   0x0000006e   Code   RO          107    .text.Motor_Init    motor_driver.o
    0x00001f4a   0x00001f4a   0x00000002   PAD
    0x00001f4c   0x00001f4c   0x0000001a   Code   RO          109    .text.Motor_Stop    motor_driver.o
    0x00001f66   0x00001f66   0x00000002   PAD
    0x00001f68   0x00001f68   0x00000022   Code   RO          111    .text.Motor_Up      motor_driver.o
    0x00001f8a   0x00001f8a   0x00000002   PAD
    0x00001f8c   0x00001f8c   0x0000010e   Code   RO          122    .text.ObstacleDetectionTask  obstacle_detection_task.o
    0x0000209a   0x0000209a   0x00000006   PAD
    0x000020a0   0x000020a0   0x00000064   Code   RO          529    .text.PendSV_Handler  port.o
    0x00002104   0x00002104   0x00000050   Code   RO          132    .text.PositionTrackingTask  position_tracking_task.o
    0x00002154   0x00002154   0x0000000c   PAD
    0x00002160   0x00002160   0x00000024   Code   RO          513    .text.SVC_Handler   port.o
    0x00002184   0x00002184   0x0000001e   Code   RO          204    .text.SysTick_Handler  cmsis_os2.o
    0x000021a2   0x000021a2   0x00000002   PAD
    0x000021a4   0x000021a4   0x0000010c   Code   RO          442    .text.SystemInit    system_tm4c123.o
    0x000022b0   0x000022b0   0x000000b0   Code   RO          141    .text.SystemStatusTask  system_status_task.o
    0x00002360   0x00002360   0x00000150   Code   RO          153    .text.WindowControlTask  window_control_task.o
    0x000024b0   0x000024b0   0x00000028   Code   RO          185    .text._mutex_acquire  clib_os.o
    0x000024d8   0x000024d8   0x00000054   Code   RO          191    .text._mutex_free   clib_os.o
    0x0000252c   0x0000252c   0x000000a8   Code   RO          183    .text._mutex_initialize  clib_os.o
    0x000025d4   0x000025d4   0x0000002a   Code   RO          189    .text._mutex_release  clib_os.o
    0x000025fe   0x000025fe   0x00000002   PAD
    0x00002600   0x00002600   0x00000002   Code   RO          175    .text._platform_post_stackheap_init  clib_os.o
    0x00002602   0x00002602   0x00000002   PAD
    0x00002604   0x00002604   0x00000020   Code   RO          187    .text.is_thread_mode  clib_os.o
    0x00002624   0x00002624   0x000000c8   Code   RO            2    .text.main          main.o
    0x000026ec   0x000026ec   0x00000020   Code   RO          181    .text.os_kernel_is_active  clib_os.o
    0x0000270c   0x0000270c   0x0000010e   Code   RO          682    .text.prvAddCurrentTaskToDelayedList  tasks.o
    0x0000281a   0x0000281a   0x00000002   PAD
    0x0000281c   0x0000281c   0x00000170   Code   RO          666    .text.prvAddNewTaskToReadyList  tasks.o
    0x0000298c   0x0000298c   0x0000007e   Code   RO          844    .text.prvCheckForValidListAndQueue  timers.o
    0x00002a0a   0x00002a0a   0x00000002   PAD
    0x00002a0c   0x00002a0c   0x0000005a   Code   RO          716    .text.prvCheckTasksWaitingTermination  tasks.o
    0x00002a66   0x00002a66   0x00000002   PAD
    0x00002a68   0x00002a68   0x00000042   Code   RO          619    .text.prvCopyDataFromQueue  queue.o
    0x00002aaa   0x00002aaa   0x00000002   PAD
    0x00002aac   0x00002aac   0x000000cc   Code   RO          607    .text.prvCopyDataToQueue  queue.o
    0x00002b78   0x00002b78   0x000000c8   Code   RO          712    .text.prvCreateIdleTasks  tasks.o
    0x00002c40   0x00002c40   0x00000078   Code   RO          664    .text.prvCreateStaticTask  tasks.o
    0x00002cb8   0x00002cb8   0x0000008e   Code   RO          670    .text.prvCreateTask  tasks.o
    0x00002d46   0x00002d46   0x00000002   PAD
    0x00002d48   0x00002d48   0x0000003c   Code   RO          676    .text.prvDeleteTCB  tasks.o
    0x00002d84   0x00002d84   0x00000026   Code   RO          623    .text.prvGetDisinheritPriorityAfterTimeout  queue.o
    0x00002daa   0x00002daa   0x00000002   PAD
    0x00002dac   0x00002dac   0x00000040   Code   RO          890    .text.prvGetNextExpireTime  timers.o
    0x00002dec   0x00002dec   0x000000aa   Code   RO          543    .text.prvHeapInit   heap_4.o
    0x00002e96   0x00002e96   0x00000002   PAD
    0x00002e98   0x00002e98   0x00000038   Code   RO          806    .text.prvIdleTask   tasks.o
    0x00002ed0   0x00002ed0   0x0000002c   Code   RO          587    .text.prvInitialiseMutex  queue.o
    0x00002efc   0x00002efc   0x00000048   Code   RO          579    .text.prvInitialiseNewQueue  queue.o
    0x00002f44   0x00002f44   0x000000e6   Code   RO          802    .text.prvInitialiseNewTask  tasks.o
    0x0000302a   0x0000302a   0x00000002   PAD
    0x0000302c   0x0000302c   0x0000008e   Code   RO          804    .text.prvInitialiseTaskLists  tasks.o
    0x000030ba   0x000030ba   0x00000002   PAD
    0x000030bc   0x000030bc   0x000000d8   Code   RO          547    .text.prvInsertBlockIntoFreeList  heap_4.o
    0x00003194   0x00003194   0x00000086   Code   RO          904    .text.prvInsertTimerInActiveList  timers.o
    0x0000321a   0x0000321a   0x00000002   PAD
    0x0000321c   0x0000321c   0x00000028   Code   RO          621    .text.prvIsQueueEmpty  queue.o
    0x00003244   0x00003244   0x0000002e   Code   RO          609    .text.prvIsQueueFull  queue.o
    0x00003272   0x00003272   0x00000002   PAD
    0x00003274   0x00003274   0x00000028   Code   RO          521    .text.prvPortStartFirstTask  port.o
    0x0000329c   0x0000329c   0x00000054   Code   RO          898    .text.prvProcessExpiredTimer  timers.o
    0x000032f0   0x000032f0   0x0000014e   Code   RO          894    .text.prvProcessReceivedCommands  timers.o
    0x0000343e   0x0000343e   0x00000002   PAD
    0x00003440   0x00003440   0x0000009a   Code   RO          892    .text.prvProcessTimerOrBlockTask  timers.o
    0x000034da   0x000034da   0x00000002   PAD
    0x000034dc   0x000034dc   0x00000034   Code   RO          902    .text.prvReloadTimer  timers.o
    0x00003510   0x00003510   0x0000003c   Code   RO          674    .text.prvResetNextTaskUnblockTime  tasks.o
    0x0000354c   0x0000354c   0x00000044   Code   RO          896    .text.prvSampleTimeNow  timers.o
    0x00003590   0x00003590   0x00000052   Code   RO          900    .text.prvSwitchTimerLists  timers.o
    0x000035e2   0x000035e2   0x00000002   PAD
    0x000035e4   0x000035e4   0x00000026   Code   RO          511    .text.prvTaskExitError  port.o
    0x0000360a   0x0000360a   0x00000002   PAD
    0x0000360c   0x0000360c   0x0000001e   Code   RO          846    .text.prvTimerTask  timers.o
    0x0000362a   0x0000362a   0x00000002   PAD
    0x0000362c   0x0000362c   0x000000ae   Code   RO          611    .text.prvUnlockQueue  queue.o
    0x000036da   0x000036da   0x00000002   PAD
    0x000036dc   0x000036dc   0x000001b6   Code   RO          541    .text.pvPortMalloc  heap_4.o
    0x00003892   0x00003892   0x00000002   PAD
    0x00003894   0x00003894   0x00000024   Code   RO          780    .text.pvTaskIncrementMutexHeldCount  tasks.o
    0x000038b8   0x000038b8   0x0000005e   Code   RO          509    .text.pxPortInitialiseStack  port.o
    0x00003916   0x00003916   0x00000002   PAD
    0x00003918   0x00003918   0x0000010c   Code   RO          782    .text.ulTaskGenericNotifyTake  tasks.o
    0x00003a24   0x00003a24   0x00000048   Code   RO          500    .text.uxListRemove  list.o
    0x00003a6c   0x00003a6c   0x0000002a   Code   RO          796    .text.vApplicationGetIdleTaskMemory  tasks.o
    0x00003a96   0x00003a96   0x00000002   PAD
    0x00003a98   0x00003a98   0x0000002a   Code   RO          798    .text.vApplicationGetTimerTaskMemory  tasks.o
    0x00003ac2   0x00003ac2   0x00000002   PAD
    0x00003ac4   0x00003ac4   0x0000000a   Code   RO          358    .text.vApplicationStackOverflowHook  cmsis_os2.o
    0x00003ace   0x00003ace   0x00000002   PAD
    0x00003ad0   0x00003ad0   0x0000002e   Code   RO          492    .text.vListInitialise  list.o
    0x00003afe   0x00003afe   0x00000002   PAD
    0x00003b00   0x00003b00   0x0000000e   Code   RO          494    .text.vListInitialiseItem  list.o
    0x00003b0e   0x00003b0e   0x00000002   PAD
    0x00003b10   0x00003b10   0x0000006a   Code   RO          498    .text.vListInsert   list.o
    0x00003b7a   0x00003b7a   0x00000002   PAD
    0x00003b7c   0x00003b7c   0x00000014   Code   RO          519    .text.vPortEnableVFP  port.o
    0x00003b90   0x00003b90   0x00000030   Code   RO          525    .text.vPortEnterCritical  port.o
    0x00003bc0   0x00003bc0   0x00000026   Code   RO          527    .text.vPortExitCritical  port.o
    0x00003be6   0x00003be6   0x00000002   PAD
    0x00003be8   0x00003be8   0x00000076   Code   RO          545    .text.vPortFree     heap_4.o
    0x00003c5e   0x00003c5e   0x00000002   PAD
    0x00003c60   0x00003c60   0x00000044   Code   RO          517    .text.vPortSetupTimerInterrupt  port.o
    0x00003ca4   0x00003ca4   0x00000022   Code   RO          637    .text.vQueueDelete  queue.o
    0x00003cc6   0x00003cc6   0x00000002   PAD
    0x00003cc8   0x00003cc8   0x00000064   Code   RO          653    .text.vQueueWaitForMessageRestricted  queue.o
    0x00003d2c   0x00003d2c   0x0000004a   Code   RO          686    .text.vTaskDelay    tasks.o
    0x00003d76   0x00003d76   0x00000002   PAD
    0x00003d78   0x00003d78   0x00000024   Code   RO          750    .text.vTaskInternalSetTimeOutState  tasks.o
    0x00003d9c   0x00003d9c   0x0000000e   Code   RO          754    .text.vTaskMissedYield  tasks.o
    0x00003daa   0x00003daa   0x00000002   PAD
    0x00003dac   0x00003dac   0x00000026   Code   RO          738    .text.vTaskPlaceOnEventList  tasks.o
    0x00003dd2   0x00003dd2   0x00000002   PAD
    0x00003dd4   0x00003dd4   0x00000064   Code   RO          742    .text.vTaskPlaceOnEventListRestricted  tasks.o
    0x00003e38   0x00003e38   0x00000138   Code   RO          776    .text.vTaskPriorityDisinheritAfterTimeout  tasks.o
    0x00003f70   0x00003f70   0x00000072   Code   RO          710    .text.vTaskStartScheduler  tasks.o
    0x00003fe2   0x00003fe2   0x00000002   PAD
    0x00003fe4   0x00003fe4   0x00000010   Code   RO          680    .text.vTaskSuspendAll  tasks.o
    0x00003ff4   0x00003ff4   0x0000011c   Code   RO          702    .text.vTaskSwitchContext  tasks.o
    0x00004110   0x00004110   0x0000006c   Code   RO          515    .text.xPortStartScheduler  port.o
    0x0000417c   0x0000417c   0x0000003e   Code   RO          531    .text.xPortSysTickHandler  port.o
    0x000041ba   0x000041ba   0x00000002   PAD
    0x000041bc   0x000041bc   0x00000026   Code   RO          585    .text.xQueueCreateMutex  queue.o
    0x000041e2   0x000041e2   0x00000002   PAD
    0x000041e4   0x000041e4   0x00000032   Code   RO          589    .text.xQueueCreateMutexStatic  queue.o
    0x00004216   0x00004216   0x00000002   PAD
    0x00004218   0x00004218   0x00000086   Code   RO          583    .text.xQueueGenericCreate  queue.o
    0x0000429e   0x0000429e   0x00000002   PAD
    0x000042a0   0x000042a0   0x0000006c   Code   RO          577    .text.xQueueGenericCreateStatic  queue.o
    0x0000430c   0x0000430c   0x000000d0   Code   RO          575    .text.xQueueGenericReset  queue.o
    0x000043dc   0x000043dc   0x0000016a   Code   RO          597    .text.xQueueGenericSend  queue.o
    0x00004546   0x00004546   0x00000002   PAD
    0x00004548   0x00004548   0x00000152   Code   RO          617    .text.xQueueReceive  queue.o
    0x0000469a   0x0000469a   0x00000002   PAD
    0x0000469c   0x0000469c   0x0000019e   Code   RO          601    .text.xQueueSemaphoreTake  queue.o
    0x0000483a   0x0000483a   0x00000002   PAD
    0x0000483c   0x0000483c   0x000000c4   Code   RO          752    .text.xTaskCheckForTimeOut  tasks.o
    0x00004900   0x00004900   0x00000052   Code   RO          668    .text.xTaskCreate   tasks.o
    0x00004952   0x00004952   0x00000002   PAD
    0x00004954   0x00004954   0x0000005c   Code   RO          662    .text.xTaskCreateStatic  tasks.o
    0x000049b0   0x000049b0   0x00000038   Code   RO          770    .text.xTaskGetSchedulerState  tasks.o
    0x000049e8   0x000049e8   0x00000014   Code   RO          720    .text.xTaskGetTickCount  tasks.o
    0x000049fc   0x000049fc   0x0000025e   Code   RO          718    .text.xTaskIncrementTick  tasks.o
    0x00004c5a   0x00004c5a   0x00000002   PAD
    0x00004c5c   0x00004c5c   0x000000f2   Code   RO          774    .text.xTaskPriorityDisinherit  tasks.o
    0x00004d4e   0x00004d4e   0x00000002   PAD
    0x00004d50   0x00004d50   0x0000015c   Code   RO          772    .text.xTaskPriorityInherit  tasks.o
    0x00004eac   0x00004eac   0x00000194   Code   RO          744    .text.xTaskRemoveFromEventList  tasks.o
    0x00005040   0x00005040   0x0000023e   Code   RO          684    .text.xTaskResumeAll  tasks.o
    0x0000527e   0x0000527e   0x00000002   PAD
    0x00005280   0x00005280   0x00000078   Code   RO          842    .text.xTimerCreateTimerTask  timers.o
    0x000052f8   0x000052f8   0x0000003e   Code   RO         1095    CL$$btod_d2e        c_w.l(btod.o)
    0x00005336   0x00005336   0x00000046   Code   RO         1097    CL$$btod_d2e_denorm_low  c_w.l(btod.o)
    0x0000537c   0x0000537c   0x00000060   Code   RO         1096    CL$$btod_d2e_norm_op1  c_w.l(btod.o)
    0x000053dc   0x000053dc   0x00000338   Code   RO         1105    CL$$btod_div_common  c_w.l(btod.o)
    0x00005714   0x00005714   0x000000dc   Code   RO         1102    CL$$btod_e2e        c_w.l(btod.o)
    0x000057f0   0x000057f0   0x0000002a   Code   RO         1099    CL$$btod_ediv       c_w.l(btod.o)
    0x0000581a   0x0000581a   0x0000002a   Code   RO         1098    CL$$btod_emul       c_w.l(btod.o)
    0x00005844   0x00005844   0x00000244   Code   RO         1104    CL$$btod_mult_common  c_w.l(btod.o)
    0x00005a88   0x00005a88   0x00000030   Code   RO         1131    i.__ARM_fpclassify  m_wm.l(fpclassify.o)
    0x00005ab8   0x00005ab8   0x0000000e   Code   RO          999    i._is_digit         c_w.l(__printf_wp.o)
    0x00005ac6   0x00005ac6   0x00000002   PAD
    0x00005ac8   0x00005ac8   0x0000002c   Code   RO         1120    locale$$code        c_w.l(lc_numeric_c.o)
    0x00005af4   0x00005af4   0x0000002c   Code   RO         1141    locale$$code        c_w.l(lc_ctype_c.o)
    0x00005b20   0x00005b20   0x0000001a   Code   RO          938    x$fpl$fpinit        fz_wm.l(fpinit.o)
    0x00005b3a   0x00005b3a   0x00000004   Code   RO         1036    x$fpl$printf1       fz_wm.l(printf1.o)
    0x00005b3e   0x00005b3e   0x00000004   Code   RO         1038    x$fpl$printf2       fz_wm.l(printf2.o)
    0x00005b42   0x00005b42   0x00000000   Code   RO         1130    x$fpl$usenofp       fz_wm.l(usenofp.o)
    0x00005b42   0x00005b42   0x00000002   PAD
    0x00005b44   0x00005b44   0x00000008   Data   RO          958    .constdata          c_w.l(_printf_wctomb.o)
    0x00005b4c   0x00005b4c   0x00000028   Data   RO          987    .constdata          c_w.l(_printf_hex_int_ll_ptr.o)
    0x00005b74   0x00005b74   0x00000011   Data   RO         1007    .constdata          c_w.l(__printf_flags_ss_wp.o)
    0x00005b85   0x00005b85   0x00000026   Data   RO         1068    .constdata          c_w.l(_printf_fp_hex.o)
    0x00005bab   0x00005bab   0x00000001   PAD
    0x00005bac   0x00005bac   0x00000094   Data   RO         1093    .constdata          c_w.l(bigflt0.o)
    0x00005c40   0x00005c40   0x00000023   Data   RO            5    .rodata.str1.1      main.o
    0x00005c63   0x00005c63   0x0000000c   Data   RO           44    .rodata.str1.1      encoder.o
    0x00005c6f   0x00005c6f   0x0000001a   Data   RO          134    .rodata.str1.1      position_tracking_task.o
    0x00005c89   0x00005c89   0x0000003d   Data   RO          143    .rodata.str1.1      system_status_task.o
    0x00005cc6   0x00005cc6   0x00000005   Data   RO          834    .rodata.str1.1      tasks.o
    0x00005ccb   0x00005ccb   0x00000008   Data   RO          907    .rodata.str1.1      timers.o
    0x00005cd3   0x00005cd3   0x00000001   PAD
    0x00005cd4   0x00005cd4   0x00000004   Data   RO          825    .rodata.uxTopUsedPriority  tasks.o
    0x00005cd8   0x00005cd8   0x00000020   Data   RO         1274    Region$$Table       anon$$obj.o
    0x00005cf8   0x00005cf8   0x0000001c   Data   RO         1119    locale$$data        c_w.l(lc_numeric_c.o)
    0x00005d14   0x00005d14   0x00000110   Data   RO         1140    locale$$data        c_w.l(lc_ctype_c.o)


    Execution Region ER_RW (Exec base: 0x20000000, Load base: 0x00005e24, Size: 0x00000008, Max: 0xffffffff, ABSOLUTE)

    Exec Addr    Load Addr    Size         Type   Attr      Idx    E Section Name        Object

    0x20000000   0x00005e24   0x00000004   Data   RW          444    .data.SystemCoreClock  system_tm4c123.o
    0x20000004   0x00005e28   0x00000004   Data   RW          533    .data.uxCriticalNesting  port.o


    Execution Region ER_ZI (Exec base: 0x20000008, Load base: 0x00005e2c, Size: 0x00002e10, Max: 0xffffffff, ABSOLUTE)

    Exec Addr    Load Addr    Size         Type   Attr      Idx    E Section Name        Object

    0x20000008        -       0x00000060   Zero   RW         1134    .bss                c_w.l(libspace.o)
    0x20000068        -       0x00000190   Zero   RW          196    .bss.clib_mutex_cb  clib_os.o
    0x200001f8        -       0x00000014   Zero   RW          195    .bss.clib_mutex_id  clib_os.o
    0x2000020c        -       0x00000004   Zero   RW           43    .bss.encoderPosition  encoder.o
    0x20000210        -       0x00000004   Zero   RW           42    .bss.encoderTaskHandle  encoder.o
    0x20000214        -       0x00000001   Zero   RW          145    .bss.isAutoMode     system_status_task.o
    0x20000215        -       0x00000001   Zero   RW          146    .bss.isMovingDown   system_status_task.o
    0x20000216        -       0x00000001   Zero   RW          124    .bss.obstaclePresent  obstacle_detection_task.o
    0x20000217        -       0x00000050   Zero   RW          915    .bss.prvCheckForValidListAndQueue.ucStaticTimerQueueStorage  timers.o
    0x20000267   0x00005e2c   0x00000001   PAD
    0x20000268        -       0x00000050   Zero   RW          914    .bss.prvCheckForValidListAndQueue.xStaticTimerQueue  timers.o
    0x200002b8        -       0x00000004   Zero   RW          911    .bss.prvSampleTimeNow.xLastTime  timers.o
    0x200002bc        -       0x00000004   Zero   RW          808    .bss.pxCurrentTCB   tasks.o
    0x200002c0        -       0x00000004   Zero   RW          909    .bss.pxCurrentTimerList  timers.o
    0x200002c4        -       0x00000004   Zero   RW          815    .bss.pxDelayedTaskList  tasks.o
    0x200002c8        -       0x00000004   Zero   RW          561    .bss.pxEnd          heap_4.o
    0x200002cc        -       0x00000004   Zero   RW          816    .bss.pxOverflowDelayedTaskList  tasks.o
    0x200002d0        -       0x00000004   Zero   RW          910    .bss.pxOverflowTimerList  timers.o
    0x200002d4        -       0x00000460   Zero   RW          819    .bss.pxReadyTasksLists  tasks.o
    0x20000734        -       0x00002000   Zero   RW          567    .bss.ucHeap         heap_4.o
    0x20002734        -       0x00000004   Zero   RW          813    .bss.uxCurrentNumberOfTasks  tasks.o
    0x20002738        -       0x00000004   Zero   RW          812    .bss.uxDeletedTasksWaitingCleanUp  tasks.o
    0x2000273c        -       0x00000004   Zero   RW          821    .bss.uxSchedulerSuspended  tasks.o
    0x20002740        -       0x00000004   Zero   RW          809    .bss.uxTaskNumber   tasks.o
    0x20002744        -       0x00000004   Zero   RW          820    .bss.uxTopReadyPriority  tasks.o
    0x20002748        -       0x00000200   Zero   RW          829    .bss.vApplicationGetIdleTaskMemory.uxIdleTaskStack  tasks.o
    0x20002948        -       0x0000005c   Zero   RW          828    .bss.vApplicationGetIdleTaskMemory.xIdleTaskTCB  tasks.o
    0x200029a4        -       0x00000140   Zero   RW          831    .bss.vApplicationGetTimerTaskMemory.uxTimerTaskStack  tasks.o
    0x20002ae4        -       0x0000005c   Zero   RW          830    .bss.vApplicationGetTimerTaskMemory.xTimerTaskTCB  tasks.o
    0x20002b40        -       0x00000001   Zero   RW          144    .bss.windowLock     system_status_task.o
    0x20002b41   0x00005e2c   0x00000003   PAD
    0x20002b44        -       0x00000014   Zero   RW          912    .bss.xActiveTimerList1  timers.o
    0x20002b58        -       0x00000014   Zero   RW          913    .bss.xActiveTimerList2  timers.o
    0x20002b6c        -       0x00000014   Zero   RW          832    .bss.xDelayedTaskList1  tasks.o
    0x20002b80        -       0x00000014   Zero   RW          833    .bss.xDelayedTaskList2  tasks.o
    0x20002b94        -       0x00000004   Zero   RW          562    .bss.xFreeBytesRemaining  heap_4.o
    0x20002b98        -       0x00000004   Zero   RW          824    .bss.xIdleTaskHandles  tasks.o
    0x20002b9c        -       0x00000004   Zero   RW          564    .bss.xMinimumEverFreeBytesRemaining  heap_4.o
    0x20002ba0        -       0x00000004   Zero   RW          823    .bss.xNextTaskUnblockTime  tasks.o
    0x20002ba4        -       0x00000004   Zero   RW          827    .bss.xNumOfOverflows  tasks.o
    0x20002ba8        -       0x00000004   Zero   RW          565    .bss.xNumberOfSuccessfulAllocations  heap_4.o
    0x20002bac        -       0x00000004   Zero   RW          566    .bss.xNumberOfSuccessfulFrees  heap_4.o
    0x20002bb0        -       0x00000004   Zero   RW          125    .bss.xObstacleDetectedSemaphore  obstacle_detection_task.o
    0x20002bb4        -       0x00000004   Zero   RW          826    .bss.xPendedTicks   tasks.o
    0x20002bb8        -       0x00000014   Zero   RW          817    .bss.xPendingReadyList  tasks.o
    0x20002bcc        -       0x00000004   Zero   RW          810    .bss.xSchedulerRunning  tasks.o
    0x20002bd0        -       0x00000008   Zero   RW          563    .bss.xStart         heap_4.o
    0x20002bd8        -       0x00000014   Zero   RW          818    .bss.xSuspendedTaskList  tasks.o
    0x20002bec        -       0x00000014   Zero   RW          811    .bss.xTasksWaitingTermination  tasks.o
    0x20002c00        -       0x00000004   Zero   RW          814    .bss.xTickCount     tasks.o
    0x20002c04        -       0x00000004   Zero   RW          906    .bss.xTimerQueue    timers.o
    0x20002c08        -       0x00000004   Zero   RW          908    .bss.xTimerTaskHandle  timers.o
    0x20002c0c        -       0x00000004   Zero   RW            4    .bss.xWindowControlSemaphore  main.o
    0x20002c10        -       0x00000004   Zero   RW          822    .bss.xYieldPendings  tasks.o
    0x20002c14   0x00005e2c   0x00000004   PAD
    0x20002c18        -       0x00000000   Zero   RW          429    HEAP                startup_tm4c123.o
    0x20002c18        -       0x00000200   Zero   RW          428    STACK               startup_tm4c123.o


==============================================================================

Image component sizes


      Code (inc. data)   RO Data    RW Data    ZI Data      Debug   Object Name

        58          0          0          0          0       1057   buttons_controls.o
       190          0          0          0          0        790   buzzer_alert.o
       422          0          0          0        420       4304   clib_os.o
        40          0          0          0          0      29876   cmsis_os2.o
       344          0         12          0          8       1769   encoder.o
       496          0          0          0          0        516   gpio_init.o
       942          0          0          0       8220       4517   heap_4.o
       136          0          0          0          0        595   ir_sensor.o
       542          0          0          0          0       1750   lcd_display.o
        34          0          0          0          0        678   limit_switch.o
       238          0          0          0          0       2332   list.o
       200          0         35          0          4       1092   main.o
       204          0          0          0          0        698   motor_driver.o
       270          0          0          0          5       1362   obstacle_detection_task.o
       652         16          0          4          0       2939   port.o
        80          0         26          0          0       1011   position_tracking_task.o
      2470          0          0          0          0      14880   queue.o
       276         24        620          0        512       5480   startup_tm4c123.o
       176          0         61          0          3       1188   system_status_task.o
       268          0          0          4          0       6790   system_tm4c123.o
      5734          0          9          0       2296      27369   tasks.o
      1248         10          8          0        220      11198   timers.o
       336          0          0          0          0       1250   window_control_task.o

    ----------------------------------------------------------------------
     15496         50        804          8      11696     123441   Object Totals
         0          0         32          0          0          0   (incl. Generated)
       140          0          1          0          8          0   (incl. Padding)

    ----------------------------------------------------------------------

      Code (inc. data)   RO Data    RW Data    ZI Data      Debug   Library Member Name

         8          0          0          0          0         68   __main.o
       392          4         17          0          0         92   __printf_flags_ss_wp.o
        14          0          0          0          0         68   __printf_wp.o
         0          0          0          0          0          0   __rtentry.o
        20          0          0          0          0          0   __rtentry2.o
         6          0          0          0          0          0   __rtentry4.o
        52          8          0          0          0          0   __scatter.o
        26          0          0          0          0          0   __scatter_copy.o
        28          0          0          0          0          0   __scatter_zi.o
        72          0          0          0          0         96   _c16rtomb.o
         6          0          0          0          0          0   _printf_a.o
         6          0          0          0          0          0   _printf_c.o
        44          0          0          0          0        108   _printf_char.o
        48          6          0          0          0         96   _printf_char_common.o
        40          0          0          0          0         68   _printf_charcount.o
         6          0          0          0          0          0   _printf_d.o
       120         16          0          0          0         92   _printf_dec.o
         6          0          0          0          0          0   _printf_e.o
         6          0          0          0          0          0   _printf_f.o
      1052          0          0          0          0        148   _printf_fp_dec.o
       764          8         38          0          0        100   _printf_fp_hex.o
       128         16          0          0          0         84   _printf_fp_infnan.o
         6          0          0          0          0          0   _printf_g.o
       148          4         40          0          0        160   _printf_hex_int_ll_ptr.o
         6          0          0          0          0          0   _printf_i.o
       178          0          0          0          0         88   _printf_intcommon.o
        10          0          0          0          0          0   _printf_l.o
         6          0          0          0          0          0   _printf_lc.o
        10          0          0          0          0          0   _printf_ll.o
         6          0          0          0          0          0   _printf_lld.o
         6          0          0          0          0          0   _printf_lli.o
         6          0          0          0          0          0   _printf_llo.o
         6          0          0          0          0          0   _printf_llu.o
         6          0          0          0          0          0   _printf_llx.o
       124         16          0          0          0         92   _printf_longlong_dec.o
         6          0          0          0          0          0   _printf_ls.o
         6          0          0          0          0          0   _printf_n.o
         6          0          0          0          0          0   _printf_o.o
       112          8          0          0          0        124   _printf_oct_int_ll.o
         6          0          0          0          0          0   _printf_p.o
        78          0          0          0          0        108   _printf_pad.o
         0          0          0          0          0          0   _printf_percent.o
         4          0          0          0          0          0   _printf_percent_end.o
         6          0          0          0          0          0   _printf_s.o
        82          0          0          0          0         80   _printf_str.o
        36          0          0          0          0         84   _printf_truncate.o
         6          0          0          0          0          0   _printf_u.o
        44          0          0          0          0        108   _printf_wchar.o
       188          6          8          0          0         92   _printf_wctomb.o
         6          0          0          0          0          0   _printf_x.o
        16          0          0          0          0         68   _snputc.o
        16          0          0          0          0         68   aeabi_memset4.o
       228          4        148          0          0         96   bigflt0.o
      1936        128          0          0          0        668   btod.o
        18          0          0          0          0         80   exit.o
         6          0          0          0          0        152   heapauxi.o
         0          0          0          0          0          0   indicate_semi.o
        44         10        272          0          0         76   lc_ctype_c.o
        44         10         28          0          0         76   lc_numeric_c.o
         2          0          0          0          0          0   libinit.o
        34          0          0          0          0          0   libinit2.o
         2          0          0          0          0          0   libshutdown.o
         2          0          0          0          0          0   libshutdown2.o
         8          4          0          0         96         68   libspace.o
       138          0          0          0          0         80   lludiv10.o
        16          4          0          0          0         76   rt_ctype_table.o
        10          0          0          0          0         76   rt_locale_twolibspace.o
        68          0          0          0          0         68   rt_memclr.o
        78          0          0          0          0         80   rt_memclr_w.o
       138          0          0          0          0         68   rt_memcpy_v6.o
       100          0          0          0          0         80   rt_memcpy_w.o
         2          0          0          0          0          0   rtexit.o
        10          0          0          0          0          0   rtexit2.o
        64          6          0          0          0         84   snprintf.o
       124          0          0          0          0         88   strcmpv7em.o
        12          4          0          0          0         68   sys_exit.o
        74          0          0          0          0         80   sys_stackheap_outer.o
         2          0          0          0          0         68   use_no_semi.o
        26          0          0          0          0        116   fpinit.o
         4          0          0          0          0        116   printf1.o
         4          0          0          0          0        116   printf2.o
         0          0          0          0          0          0   usenofp.o
        48          0          0          0          0        124   fpclassify.o

    ----------------------------------------------------------------------
      7248        262        552          0         96       4696   Library Totals
        26          0          1          0          0          0   (incl. Padding)

    ----------------------------------------------------------------------

      Code (inc. data)   RO Data    RW Data    ZI Data      Debug   Library Name

      7140        262        551          0         96       4224   c_w.l
        34          0          0          0          0        348   fz_wm.l
        48          0          0          0          0        124   m_wm.l

    ----------------------------------------------------------------------
      7248        262        552          0         96       4696   Library Totals

    ----------------------------------------------------------------------

==============================================================================


      Code (inc. data)   RO Data    RW Data    ZI Data      Debug   

     22744        312       1356          8      11792     125229   Grand Totals
     22744        312       1356          8      11792     125229   ELF Image Totals
     22744        312       1356          8          0          0   ROM Totals

==============================================================================

    Total RO  Size (Code + RO Data)                24100 (  23.54kB)
    Total RW  Size (RW Data + ZI Data)             11800 (  11.52kB)
    Total ROM Size (Code + RO Data + RW Data)      24108 (  23.54kB)

==============================================================================

